Archive member included to satisfy reference by file (symbol)

/Applications/MCUXpressoIDE_11.1.1_3241/ide/plugins/com.nxp.mcuxpresso.tools.macosx_11.1.0.202001081728/tools/bin/../lib/gcc/arm-none-eabi/8.3.1/../../../../arm-none-eabi/lib/thumb/v8-m.main+fp/hard/libcr_semihost_nf.a(_cr__main.o)
                              ./startup/startup_lpc55s69_cm33_core0.o (__main)
/Applications/MCUXpressoIDE_11.1.1_3241/ide/plugins/com.nxp.mcuxpresso.tools.macosx_11.1.0.202001081728/tools/bin/../lib/gcc/arm-none-eabi/8.3.1/../../../../arm-none-eabi/lib/thumb/v8-m.main+fp/hard/libcr_c.a(memcpy.o)
                              ./amazon-freertos/freertos_kernel/queue.o (memcpy)
/Applications/MCUXpressoIDE_11.1.1_3241/ide/plugins/com.nxp.mcuxpresso.tools.macosx_11.1.0.202001081728/tools/bin/../lib/gcc/arm-none-eabi/8.3.1/../../../../arm-none-eabi/lib/thumb/v8-m.main+fp/hard/libcr_c.a(memset.o)
                              ./amazon-freertos/freertos_kernel/stream_buffer.o (memset)
/Applications/MCUXpressoIDE_11.1.1_3241/ide/plugins/com.nxp.mcuxpresso.tools.macosx_11.1.0.202001081728/tools/bin/../lib/gcc/arm-none-eabi/8.3.1/../../../../arm-none-eabi/lib/thumb/v8-m.main+fp/hard/libcr_c.a(initio.o)
                              /Applications/MCUXpressoIDE_11.1.1_3241/ide/plugins/com.nxp.mcuxpresso.tools.macosx_11.1.0.202001081728/tools/bin/../lib/gcc/arm-none-eabi/8.3.1/../../../../arm-none-eabi/lib/thumb/v8-m.main+fp/hard/libcr_semihost_nf.a(_cr__main.o) (_initio)
/Applications/MCUXpressoIDE_11.1.1_3241/ide/plugins/com.nxp.mcuxpresso.tools.macosx_11.1.0.202001081728/tools/bin/../lib/gcc/arm-none-eabi/8.3.1/../../../../arm-none-eabi/lib/thumb/v8-m.main+fp/hard/libcr_c.a(printf.o)
                              ./source/shader.o (_printf)
/Applications/MCUXpressoIDE_11.1.1_3241/ide/plugins/com.nxp.mcuxpresso.tools.macosx_11.1.0.202001081728/tools/bin/../lib/gcc/arm-none-eabi/8.3.1/../../../../arm-none-eabi/lib/thumb/v8-m.main+fp/hard/libcr_c.a(setvbuf.o)
                              /Applications/MCUXpressoIDE_11.1.1_3241/ide/plugins/com.nxp.mcuxpresso.tools.macosx_11.1.0.202001081728/tools/bin/../lib/gcc/arm-none-eabi/8.3.1/../../../../arm-none-eabi/lib/thumb/v8-m.main+fp/hard/libcr_c.a(initio.o) (setvbuf)
/Applications/MCUXpressoIDE_11.1.1_3241/ide/plugins/com.nxp.mcuxpresso.tools.macosx_11.1.0.202001081728/tools/bin/../lib/gcc/arm-none-eabi/8.3.1/../../../../arm-none-eabi/lib/thumb/v8-m.main+fp/hard/libcr_c.a(strlen.o)
                              /Applications/MCUXpressoIDE_11.1.1_3241/ide/plugins/com.nxp.mcuxpresso.tools.macosx_11.1.0.202001081728/tools/bin/../lib/gcc/arm-none-eabi/8.3.1/../../../../arm-none-eabi/lib/thumb/v8-m.main+fp/hard/libcr_c.a(printf.o) (strlen)
/Applications/MCUXpressoIDE_11.1.1_3241/ide/plugins/com.nxp.mcuxpresso.tools.macosx_11.1.0.202001081728/tools/bin/../lib/gcc/arm-none-eabi/8.3.1/../../../../arm-none-eabi/lib/thumb/v8-m.main+fp/hard/libcr_c.a(_deferredlazyseek.o)
                              /Applications/MCUXpressoIDE_11.1.1_3241/ide/plugins/com.nxp.mcuxpresso.tools.macosx_11.1.0.202001081728/tools/bin/../lib/gcc/arm-none-eabi/8.3.1/../../../../arm-none-eabi/lib/thumb/v8-m.main+fp/hard/libcr_c.a(printf.o) (__flsbuf)
/Applications/MCUXpressoIDE_11.1.1_3241/ide/plugins/com.nxp.mcuxpresso.tools.macosx_11.1.0.202001081728/tools/bin/../lib/gcc/arm-none-eabi/8.3.1/../../../../arm-none-eabi/lib/thumb/v8-m.main+fp/hard/libcr_c.a(_fdopen.o)
                              /Applications/MCUXpressoIDE_11.1.1_3241/ide/plugins/com.nxp.mcuxpresso.tools.macosx_11.1.0.202001081728/tools/bin/../lib/gcc/arm-none-eabi/8.3.1/../../../../arm-none-eabi/lib/thumb/v8-m.main+fp/hard/libcr_c.a(initio.o) (_fdopen)
/Applications/MCUXpressoIDE_11.1.1_3241/ide/plugins/com.nxp.mcuxpresso.tools.macosx_11.1.0.202001081728/tools/bin/../lib/gcc/arm-none-eabi/8.3.1/../../../../arm-none-eabi/lib/thumb/v8-m.main+fp/hard/libcr_c.a(_fflush.o)
                              /Applications/MCUXpressoIDE_11.1.1_3241/ide/plugins/com.nxp.mcuxpresso.tools.macosx_11.1.0.202001081728/tools/bin/../lib/gcc/arm-none-eabi/8.3.1/../../../../arm-none-eabi/lib/thumb/v8-m.main+fp/hard/libcr_c.a(_deferredlazyseek.o) (_fflush)
/Applications/MCUXpressoIDE_11.1.1_3241/ide/plugins/com.nxp.mcuxpresso.tools.macosx_11.1.0.202001081728/tools/bin/../lib/gcc/arm-none-eabi/8.3.1/../../../../arm-none-eabi/lib/thumb/v8-m.main+fp/hard/libcr_c.a(_writebuf.o)
                              /Applications/MCUXpressoIDE_11.1.1_3241/ide/plugins/com.nxp.mcuxpresso.tools.macosx_11.1.0.202001081728/tools/bin/../lib/gcc/arm-none-eabi/8.3.1/../../../../arm-none-eabi/lib/thumb/v8-m.main+fp/hard/libcr_c.a(_deferredlazyseek.o) (_Cwritebuf)
/Applications/MCUXpressoIDE_11.1.1_3241/ide/plugins/com.nxp.mcuxpresso.tools.macosx_11.1.0.202001081728/tools/bin/../lib/gcc/arm-none-eabi/8.3.1/../../../../arm-none-eabi/lib/thumb/v8-m.main+fp/hard/libcr_c.a(alloc.o)
[...]
Memory Configuration

Name             Origin             Length             Attributes
PROGRAM_FLASH    0x0000000000000000 0x0000000000098000 xr
SRAM             0x0000000020000000 0x0000000000040000 xrw
SRAM4            0x0000000020040000 0x0000000000004000 xrw
SRAMX            0x0000000004000000 0x0000000000008000 xrw
USB_RAM          0x0000000040100000 0x0000000000004000 xrw
*default*        0x0000000000000000 0xffffffffffffffff

Linker script and memory map

LOAD ./startup/boot_multicore_slave.o
LOAD ./startup/startup_lpc55s69_cm33_core0.o
LOAD ./source/semihost_hardfault.o
LOAD ./source/shader.o
LOAD ./drivers/edyev_spi.o
LOAD ./device/system_LPC55S69_cm33_core0.o
LOAD ./board/init.o
LOAD ./amazon-freertos/freertos_kernel/portable/MemMang/heap_4.o
LOAD ./amazon-freertos/freertos_kernel/portable/GCC/ARM_CM33_NTZ/non_secure/port.o
LOAD ./amazon-freertos/freertos_kernel/portable/GCC/ARM_CM33_NTZ/non_secure/portasm.o
LOAD ./amazon-freertos/freertos_kernel/event_groups.o
LOAD ./amazon-freertos/freertos_kernel/list.o
LOAD ./amazon-freertos/freertos_kernel/queue.o
LOAD ./amazon-freertos/freertos_kernel/stream_buffer.o
LOAD ./amazon-freertos/freertos_kernel/tasks.o
LOAD ./amazon-freertos/freertos_kernel/timers.o
START GROUP
LOAD /Applications/MCUXpressoIDE_11.1.1_3241/ide/plugins/com.nxp.mcuxpresso.tools.macosx_11.1.0.202001081728/tools/bin/../lib/gcc/arm-none-eabi/8.3.1/../../../../arm-none-eabi/lib/thumb/v8-m.main+fp/hard/libcr_semihost_nf.a
LOAD /Applications/MCUXpressoIDE_11.1.1_3241/ide/plugins/com.nxp.mcuxpresso.tools.macosx_11.1.0.202001081728/tools/bin/../lib/gcc/arm-none-eabi/8.3.1/../../../../arm-none-eabi/lib/thumb/v8-m.main+fp/hard/libcr_c.a
LOAD /Applications/MCUXpressoIDE_11.1.1_3241/ide/plugins/com.nxp.mcuxpresso.tools.macosx_11.1.0.202001081728/tools/bin/../lib/gcc/arm-none-eabi/8.3.1/thumb/v8-m.main+fp/hard/libcr_eabihelpers.a
LOAD /Applications/MCUXpressoIDE_11.1.1_3241/ide/plugins/com.nxp.mcuxpresso.tools.macosx_11.1.0.202001081728/tools/bin/../lib/gcc/arm-none-eabi/8.3.1/thumb/v8-m.main+fp/hard/libgcc.a
END GROUP
                0x0000000000000000                __base_PROGRAM_FLASH = 0x0
                0x0000000000000000                __base_Flash = 0x0
                0x0000000000098000                __top_PROGRAM_FLASH = 0x98000
                0x0000000000098000                __top_Flash = 0x98000
                0x0000000020000000                __base_SRAM = 0x20000000
                0x0000000020000000                __base_RAM = 0x20000000
                0x0000000020040000                __top_SRAM = 0x20040000
                0x0000000020040000                __top_RAM = 0x20040000
                0x0000000020040000                __base_SRAM4 = 0x20040000
                0x0000000020040000                __base_RAM2 = 0x20040000
                0x0000000020044000                __top_SRAM4 = 0x20044000
                0x0000000020044000                __top_RAM2 = 0x20044000
                0x0000000004000000                __base_SRAMX = 0x4000000
                0x0000000004000000                __base_RAM3 = 0x4000000
                0x0000000004008000                __top_SRAMX = 0x4008000
                0x0000000004008000                __top_RAM3 = 0x4008000
                0x0000000040100000                __base_USB_RAM = 0x40100000
                0x0000000040100000                __base_RAM4 = 0x40100000
                0x0000000040104000                __top_USB_RAM = 0x40104000
                0x0000000040104000                __top_RAM4 = 0x40104000

.text           0x0000000000000000     0x1e44
 FILL mask 0xff
                0x0000000000000000                __vectors_start__ = ABSOLUTE (.)
 *(SORT_BY_ALIGNMENT(.isr_vector))
 .isr_vector    0x0000000000000000      0x130 ./startup/startup_lpc55s69_cm33_core0.o
                0x0000000000000000                __Vectors
                0x0000000000000000                g_pfnVectors
                0x0000000000000130                . = ALIGN (0x4)
                0x0000000000000130                __section_table_start = .
                0x0000000000000130                __data_section_table = .
                0x0000000000000130        0x4 LONG 0x1e44 LOADADDR (.data)
                0x0000000000000134        0x4 LONG 0x20000000 ADDR (.data)
                0x0000000000000138        0x4 LONG 0x0 SIZEOF (.data)
                0x000000000000013c        0x4 LONG 0x1e44 LOADADDR (.data_RAM2)
                0x0000000000000140        0x4 LONG 0x20040000 ADDR (.data_RAM2)
                0x0000000000000144        0x4 LONG 0x0 SIZEOF (.data_RAM2)
                0x0000000000000148        0x4 LONG 0x1e44 LOADADDR (.data_RAM3)
                0x000000000000014c        0x4 LONG 0x4000000 ADDR (.data_RAM3)
                0x0000000000000150        0x4 LONG 0x0 SIZEOF (.data_RAM3)
                0x0000000000000154        0x4 LONG 0x1e44 LOADADDR (.data_RAM4)
                0x0000000000000158        0x4 LONG 0x40100000 ADDR (.data_RAM4)
                0x000000000000015c        0x4 LONG 0x0 SIZEOF (.data_RAM4)
                0x0000000000000160                __data_section_table_end = .
                0x0000000000000160                __bss_section_table = .
                0x0000000000000160        0x4 LONG 0x20000000 ADDR (.bss)
                0x0000000000000164        0x4 LONG 0x150 SIZEOF (.bss)
                0x0000000000000168        0x4 LONG 0x20040000 ADDR (.bss_RAM2)
                0x000000000000016c        0x4 LONG 0x0 SIZEOF (.bss_RAM2)
                0x0000000000000170        0x4 LONG 0x4000000 ADDR (.bss_RAM3)
                0x0000000000000174        0x4 LONG 0x0 SIZEOF (.bss_RAM3)
                0x0000000000000178        0x4 LONG 0x40100000 ADDR (.bss_RAM4)
                0x000000000000017c        0x4 LONG 0x0 SIZEOF (.bss_RAM4)
                0x0000000000000180                __bss_section_table_end = .
                0x0000000000000180                __section_table_end = .
 *(SORT_BY_ALIGNMENT(.after_vectors*))
 .after_vectors.reset
                0x0000000000000180       0x4c ./startup/startup_lpc55s69_cm33_core0.o
                0x0000000000000180                ResetISR
 .after_vectors.init_data
                0x00000000000001cc       0x1e ./startup/startup_lpc55s69_cm33_core0.o
                0x00000000000001cc                data_init
 .after_vectors.init_bss
                0x00000000000001ea       0x12 ./startup/startup_lpc55s69_cm33_core0.o
                0x00000000000001ea                bss_init
 .after_vectors
                0x00000000000001fc       0x16 ./startup/startup_lpc55s69_cm33_core0.o
                0x00000000000001fc                NMI_Handler
                0x0000000000000200                MemManage_Handler
                0x0000000000000202                BusFault_Handler
                0x0000000000000204                UsageFault_Handler
                0x0000000000000206                SecureFault_Handler
                0x000000000000020a                DebugMon_Handler
                0x0000000000000210                PIN_INT3_DriverIRQHandler
                0x0000000000000210                PIN_INT2_DriverIRQHandler
                0x0000000000000210                Reserved56_DriverIRQHandler
                0x0000000000000210                FLEXCOMM0_DriverIRQHandler
                0x0000000000000210                PIN_INT0_DriverIRQHandler
                0x0000000000000210                CTIMER2_DriverIRQHandler
                0x0000000000000210                IntDefaultHandler
                0x0000000000000210                USB0_DriverIRQHandler
                0x0000000000000210                CASER_DriverIRQHandler
                0x0000000000000210                MRT0_DriverIRQHandler
                0x0000000000000210                UTICK0_DriverIRQHandler
                0x0000000000000210                Reserved41_DriverIRQHandler
                0x0000000000000210                PIN_INT4_DriverIRQHandler
                0x0000000000000210                PIN_INT5_DriverIRQHandler
                0x0000000000000210                FLEXCOMM2_DriverIRQHandler
                0x0000000000000210                SEC_GPIO_INT0_IRQ0_DriverIRQHandler
                0x0000000000000210                CTIMER4_DriverIRQHandler
                0x0000000000000210                GINT1_DriverIRQHandler
                0x0000000000000210                PIN_INT7_DriverIRQHandler
                0x0000000000000210                Reserved55_DriverIRQHandler
                0x0000000000000210                HASHCRYPT_DriverIRQHandler
                0x0000000000000210                USB0_NEEDCLK_DriverIRQHandler
                0x0000000000000210                FLEXCOMM6_DriverIRQHandler
                0x0000000000000210                CTIMER0_DriverIRQHandler
                0x0000000000000210                CTIMER1_DriverIRQHandler
                0x0000000000000210                PIN_INT6_DriverIRQHandler
                0x0000000000000210                PQ_DriverIRQHandler
                0x0000000000000210                MAILBOX_DriverIRQHandler
                0x0000000000000210                PIN_INT1_DriverIRQHandler
                0x0000000000000210                CTIMER3_DriverIRQHandler
                0x0000000000000210                Reserved61_DriverIRQHandler
                0x0000000000000210                SEC_GPIO_INT0_IRQ1_DriverIRQHandler
                0x0000000000000210                PUF_DriverIRQHandler
                0x0000000000000210                RTC_DriverIRQHandler
                0x0000000000000210                FLEXCOMM3_DriverIRQHandler
                0x0000000000000210                USB1_DriverIRQHandler
                0x0000000000000210                Reserved60_DriverIRQHandler
                0x0000000000000210                DMA1_DriverIRQHandler
                0x0000000000000210                FLEXCOMM5_DriverIRQHandler
                0x0000000000000210                ADC0_DriverIRQHandler
                0x0000000000000210                USB1_NEEDCLK_DriverIRQHandler
                0x0000000000000210                Reserved59_DriverIRQHandler
                0x0000000000000210                FLEXCOMM7_DriverIRQHandler
                0x0000000000000210                SDIO_DriverIRQHandler
                0x0000000000000210                GINT0_DriverIRQHandler
                0x0000000000000210                USB1_PHY_DriverIRQHandler
                0x0000000000000210                ACMP_DriverIRQHandler
                0x0000000000000210                FLEXCOMM8_DriverIRQHandler
                0x0000000000000210                Reserved57_DriverIRQHandler
                0x0000000000000210                Reserved46_DriverIRQHandler
                0x0000000000000210                WDT_BOD_DriverIRQHandler
                0x0000000000000210                SCT0_DriverIRQHandler
                0x0000000000000210                PLU_DriverIRQHandler
                0x0000000000000210                OS_EVENT_DriverIRQHandler
                0x0000000000000210                FLEXCOMM1_DriverIRQHandler
                0x0000000000000210                SEC_HYPERVISOR_CALL_DriverIRQHandler
                0x0000000000000210                Reserved39_DriverIRQHandler
                0x0000000000000210                DMA0_DriverIRQHandler
                0x0000000000000210                Reserved42_DriverIRQHandler
                0x0000000000000210                FLEXCOMM4_DriverIRQHandler
                0x0000000000000210                SEC_VIO_DriverIRQHandler
 *(SORT_BY_ALIGNMENT(.text*))
 *fill*         0x0000000000000212        0xe ff
 .text.vRestoreContextOfFirstTask
                0x0000000000000220       0x28 ./amazon-freertos/freertos_kernel/portable/GCC/ARM_CM33_NTZ/non_secure/portasm.o
                0x0000000000000220                vRestoreContextOfFirstTask
 *fill*         0x0000000000000248        0x8 ff
 .text.PendSV_Handler
                0x0000000000000250       0x38 ./amazon-freertos/freertos_kernel/portable/GCC/ARM_CM33_NTZ/non_secure/portasm.o
                0x0000000000000250                PendSV_Handler
 *fill*         0x0000000000000288        0x8 ff
 .text.SVC_Handler
                0x0000000000000290       0x28 ./amazon-freertos/freertos_kernel/portable/GCC/ARM_CM33_NTZ/non_secure/portasm.o
                0x0000000000000290                SVC_Handler
 .text.main     0x00000000000002b8       0x40 ./source/shader.o
                0x00000000000002b8                main
 .text.spi_init
                0x00000000000002f8       0x50 ./drivers/edyev_spi.o
                0x00000000000002f8                spi_init
 .text.SystemInit
                0x0000000000000348       0x64 ./device/system_LPC55S69_cm33_core0.o
                0x0000000000000348                SystemInit
 .text.init     0x00000000000003ac       0x20 ./board/init.o
                0x00000000000003ac                init
 .text.SysTick_Handler
                0x00000000000003cc       0x30 ./amazon-freertos/freertos_kernel/portable/GCC/ARM_CM33_NTZ/non_secure/port.o
                0x00000000000003cc                SysTick_Handler
 .text.xTaskIncrementTick
                0x00000000000003fc      0x140 ./amazon-freertos/freertos_kernel/tasks.o
                0x00000000000003fc                xTaskIncrementTick
 .text.vTaskSwitchContext
                0x000000000000053c       0xa8 ./amazon-freertos/freertos_kernel/tasks.o
                0x000000000000053c                vTaskSwitchContext
 .text.prvResetNextTaskUnblockTime
                0x00000000000005e4       0x40 ./amazon-freertos/freertos_kernel/tasks.o
 .text._initio  0x0000000000000624       0x78 /Applications/MCUXpressoIDE_11.1.1_3241/ide/plugins/com.nxp.mcuxpresso.tools.macosx_11.1.0.202001081728/tools/bin/../lib/gcc/arm-none-eabi/8.3.1/../../../../arm-none-eabi/lib/thumb/v8-m.main+fp/hard/libcr_c.a(initio.o)
                0x0000000000000624                _initio
 .text.__vfprintf
                0x000000000000069c      0xbd8 /Applications/MCUXpressoIDE_11.1.1_3241/ide/plugins/com.nxp.mcuxpresso.tools.macosx_11.1.0.202001081728/tools/bin/../lib/gcc/arm-none-eabi/8.3.1/../../../../arm-none-eabi/lib/thumb/v8-m.main+fp/hard/libcr_c.a(printf.o)
                0x000000000000069c                __vfprintf
 .text._vsnprintf
                0x0000000000001274       0x68 /Applications/MCUXpressoIDE_11.1.1_3241/ide/plugins/com.nxp.mcuxpresso.tools.macosx_11.1.0.202001081728/tools/bin/../lib/gcc/arm-none-eabi/8.3.1/../../../../arm-none-eabi/lib/thumb/v8-m.main+fp/hard/libcr_c.a(printf.o)
                0x0000000000001274                _vsnprintf
 .text._printf  0x00000000000012dc       0x54 /Applications/MCUXpressoIDE_11.1.1_3241/ide/plugins/com.nxp.mcuxpresso.tools.macosx_11.1.0.202001081728/tools/bin/../lib/gcc/arm-none-eabi/8.3.1/../../../../arm-none-eabi/lib/thumb/v8-m.main+fp/hard/libcr_c.a(printf.o)
                0x00000000000012dc                _printf
 .text.setvbuf  0x0000000000001330       0x40 /Applications/MCUXpressoIDE_11.1.1_3241/ide/plugins/com.nxp.mcuxpresso.tools.macosx_11.1.0.202001081728/tools/bin/../lib/gcc/arm-none-eabi/8.3.1/../../../../arm-none-eabi/lib/thumb/v8-m.main+fp/hard/libcr_c.a(setvbuf.o)
                0x0000000000001330                setvbuf
 .text._Cwritebuf
                0x0000000000001370       0x6c /Applications/MCUXpressoIDE_11.1.1_3241/ide/plugins/com.nxp.mcuxpresso.tools.macosx_11.1.0.202001081728/tools/bin/../lib/gcc/arm-none-eabi/8.3.1/../../../../arm-none-eabi/lib/thumb/v8-m.main+fp/hard/libcr_c.a(_writebuf.o)
                0x0000000000001370                _Cwritebuf
 .text.malloc   0x00000000000013dc       0xc8 /Applications/MCUXpressoIDE_11.1.1_3241/ide/plugins/com.nxp.mcuxpresso.tools.macosx_11.1.0.202001081728/tools/bin/../lib/gcc/arm-none-eabi/8.3.1/../../../../arm-none-eabi/lib/thumb/v8-m.main+fp/hard/libcr_c.a(alloc.o)
                0x00000000000013dc                malloc
 .text._Csys_alloc
                0x00000000000014a4       0x20 /Applications/MCUXpressoIDE_11.1.1_3241/ide/plugins/com.nxp.mcuxpresso.tools.macosx_11.1.0.202001081728/tools/bin/../lib/gcc/arm-none-eabi/8.3.1/../../../../arm-none-eabi/lib/thumb/v8-m.main+fp/hard/libcr_c.a(alloc.o)
                0x00000000000014a4                _Csys_alloc
 .text.fflush   0x00000000000014c4       0x44 /Applications/MCUXpressoIDE_11.1.1_3241/ide/plugins/com.nxp.mcuxpresso.tools.macosx_11.1.0.202001081728/tools/bin/../lib/gcc/arm-none-eabi/8.3.1/../../../../arm-none-eabi/lib/thumb/v8-m.main+fp/hard/libcr_c.a(fflush.o)
                0x00000000000014c4                fflush
 .text.fseek    0x0000000000001508      0x100 /Applications/MCUXpressoIDE_11.1.1_3241/ide/plugins/com.nxp.mcuxpresso.tools.macosx_11.1.0.202001081728/tools/bin/../lib/gcc/arm-none-eabi/8.3.1/../../../../arm-none-eabi/lib/thumb/v8-m.main+fp/hard/libcr_c.a(fseek.o)
                0x0000000000001508                fseek
 .text.ftell    0x0000000000001608       0x48 /Applications/MCUXpressoIDE_11.1.1_3241/ide/plugins/com.nxp.mcuxpresso.tools.macosx_11.1.0.202001081728/tools/bin/../lib/gcc/arm-none-eabi/8.3.1/../../../../arm-none-eabi/lib/thumb/v8-m.main+fp/hard/libcr_c.a(ftell.o)
                0x0000000000001608                ftell
 .text._sbrk    0x0000000000001650       0x3c /Applications/MCUXpressoIDE_11.1.1_3241/ide/plugins/com.nxp.mcuxpresso.tools.macosx_11.1.0.202001081728/tools/bin/../lib/gcc/arm-none-eabi/8.3.1/../../../../arm-none-eabi/lib/thumb/v8-m.main+fp/hard/libcr_c.a(_cr_sbrk.o)
                0x0000000000001650                _sbrk
 .text.__check_heap_overflow
                0x000000000000168c       0x18 /Applications/MCUXpressoIDE_11.1.1_3241/ide/plugins/com.nxp.mcuxpresso.tools.macosx_11.1.0.202001081728/tools/bin/../lib/gcc/arm-none-eabi/8.3.1/../../../../arm-none-eabi/lib/thumb/v8-m.main+fp/hard/libcr_c.a(_cr_check_heap.o)
                0x000000000000168c                __check_heap_overflow
 .text.__sys_appexit
                0x00000000000016a4        0xc /Applications/MCUXpressoIDE_11.1.1_3241/ide/plugins/com.nxp.mcuxpresso.tools.macosx_11.1.0.202001081728/tools/bin/../lib/gcc/arm-none-eabi/8.3.1/../../../../arm-none-eabi/lib/thumb/v8-m.main+fp/hard/libcr_semihost_nf.a(__sys_appexit.o)
                0x00000000000016a4                __exit
                0x00000000000016a4                __sys_appexit
 .text.WDT_BOD_IRQHandler
                0x00000000000016b0        0x8 ./startup/startup_lpc55s69_cm33_core0.o
                0x00000000000016b0                WDT_BOD_IRQHandler
 .text.DMA0_IRQHandler
                0x00000000000016b8        0x8 ./startup/startup_lpc55s69_cm33_core0.o
                0x00000000000016b8                DMA0_IRQHandler
 .text.GINT0_IRQHandler
                0x00000000000016c0        0x8 ./startup/startup_lpc55s69_cm33_core0.o
                0x00000000000016c0                GINT0_IRQHandler
 .text.GINT1_IRQHandler
                0x00000000000016c8        0x8 ./startup/startup_lpc55s69_cm33_core0.o
                0x00000000000016c8                GINT1_IRQHandler
 .text.PIN_INT0_IRQHandler
                0x00000000000016d0        0x8 ./startup/startup_lpc55s69_cm33_core0.o
                0x00000000000016d0                PIN_INT0_IRQHandler
 .text.PIN_INT1_IRQHandler
                0x00000000000016d8        0x8 ./startup/startup_lpc55s69_cm33_core0.o
                0x00000000000016d8                PIN_INT1_IRQHandler
 .text.PIN_INT2_IRQHandler
                0x00000000000016e0        0x8 ./startup/startup_lpc55s69_cm33_core0.o
                0x00000000000016e0                PIN_INT2_IRQHandler
 .text.PIN_INT3_IRQHandler
                0x00000000000016e8        0x8 ./startup/startup_lpc55s69_cm33_core0.o
                0x00000000000016e8                PIN_INT3_IRQHandler
 .text.UTICK0_IRQHandler
                0x00000000000016f0        0x8 ./startup/startup_lpc55s69_cm33_core0.o
                0x00000000000016f0                UTICK0_IRQHandler
 .text.MRT0_IRQHandler
                0x00000000000016f8        0x8 ./startup/startup_lpc55s69_cm33_core0.o
                0x00000000000016f8                MRT0_IRQHandler
 .text.CTIMER0_IRQHandler
                0x0000000000001700        0x8 ./startup/startup_lpc55s69_cm33_core0.o
                0x0000000000001700                CTIMER0_IRQHandler
 .text.CTIMER1_IRQHandler
                0x0000000000001708        0x8 ./startup/startup_lpc55s69_cm33_core0.o
                0x0000000000001708                CTIMER1_IRQHandler
 .text.SCT0_IRQHandler
                0x0000000000001710        0x8 ./startup/startup_lpc55s69_cm33_core0.o
                0x0000000000001710                SCT0_IRQHandler
 .text.CTIMER3_IRQHandler
                0x0000000000001718        0x8 ./startup/startup_lpc55s69_cm33_core0.o
                0x0000000000001718                CTIMER3_IRQHandler
 .text.FLEXCOMM0_IRQHandler
                0x0000000000001720        0x8 ./startup/startup_lpc55s69_cm33_core0.o
                0x0000000000001720                FLEXCOMM0_IRQHandler
 .text.FLEXCOMM1_IRQHandler
                0x0000000000001728        0x8 ./startup/startup_lpc55s69_cm33_core0.o
                0x0000000000001728                FLEXCOMM1_IRQHandler
 .text.FLEXCOMM2_IRQHandler
                0x0000000000001730        0x8 ./startup/startup_lpc55s69_cm33_core0.o
                0x0000000000001730                FLEXCOMM2_IRQHandler
 .text.FLEXCOMM3_IRQHandler
                0x0000000000001738        0x8 ./startup/startup_lpc55s69_cm33_core0.o
                0x0000000000001738                FLEXCOMM3_IRQHandler
 .text.FLEXCOMM4_IRQHandler
                0x0000000000001740        0x8 ./startup/startup_lpc55s69_cm33_core0.o
                0x0000000000001740                FLEXCOMM4_IRQHandler
 .text.FLEXCOMM5_IRQHandler
                0x0000000000001748        0x8 ./startup/startup_lpc55s69_cm33_core0.o
                0x0000000000001748                FLEXCOMM5_IRQHandler
 .text.FLEXCOMM6_IRQHandler
                0x0000000000001750        0x8 ./startup/startup_lpc55s69_cm33_core0.o
                0x0000000000001750                FLEXCOMM6_IRQHandler
 .text.FLEXCOMM7_IRQHandler
                0x0000000000001758        0x8 ./startup/startup_lpc55s69_cm33_core0.o
                0x0000000000001758                FLEXCOMM7_IRQHandler
 .text.ADC0_IRQHandler
                0x0000000000001760        0x8 ./startup/startup_lpc55s69_cm33_core0.o
                0x0000000000001760                ADC0_IRQHandler
 .text.Reserved39_IRQHandler
                0x0000000000001768        0x8 ./startup/startup_lpc55s69_cm33_core0.o
                0x0000000000001768                Reserved39_IRQHandler
 .text.ACMP_IRQHandler
                0x0000000000001770        0x8 ./startup/startup_lpc55s69_cm33_core0.o
                0x0000000000001770                ACMP_IRQHandler
 .text.Reserved41_IRQHandler
                0x0000000000001778        0x8 ./startup/startup_lpc55s69_cm33_core0.o
                0x0000000000001778                Reserved41_IRQHandler
 .text.Reserved42_IRQHandler
                0x0000000000001780        0x8 ./startup/startup_lpc55s69_cm33_core0.o
                0x0000000000001780                Reserved42_IRQHandler
 .text.USB0_NEEDCLK_IRQHandler
                0x0000000000001788        0x8 ./startup/startup_lpc55s69_cm33_core0.o
                0x0000000000001788                USB0_NEEDCLK_IRQHandler
 .text.USB0_IRQHandler
                0x0000000000001790        0x8 ./startup/startup_lpc55s69_cm33_core0.o
                0x0000000000001790                USB0_IRQHandler
 .text.RTC_IRQHandler
                0x0000000000001798        0x8 ./startup/startup_lpc55s69_cm33_core0.o
                0x0000000000001798                RTC_IRQHandler
 .text.Reserved46_IRQHandler
                0x00000000000017a0        0x8 ./startup/startup_lpc55s69_cm33_core0.o
                0x00000000000017a0                Reserved46_IRQHandler
 .text.MAILBOX_IRQHandler
                0x00000000000017a8        0x8 ./startup/startup_lpc55s69_cm33_core0.o
                0x00000000000017a8                MAILBOX_IRQHandler
 .text.PIN_INT4_IRQHandler
                0x00000000000017b0        0x8 ./startup/startup_lpc55s69_cm33_core0.o
                0x00000000000017b0                PIN_INT4_IRQHandler
 .text.PIN_INT5_IRQHandler
                0x00000000000017b8        0x8 ./startup/startup_lpc55s69_cm33_core0.o
                0x00000000000017b8                PIN_INT5_IRQHandler
 .text.PIN_INT6_IRQHandler
                0x00000000000017c0        0x8 ./startup/startup_lpc55s69_cm33_core0.o
                0x00000000000017c0                PIN_INT6_IRQHandler
 .text.PIN_INT7_IRQHandler
                0x00000000000017c8        0x8 ./startup/startup_lpc55s69_cm33_core0.o
                0x00000000000017c8                PIN_INT7_IRQHandler
 .text.CTIMER2_IRQHandler
                0x00000000000017d0        0x8 ./startup/startup_lpc55s69_cm33_core0.o
                0x00000000000017d0                CTIMER2_IRQHandler
 .text.CTIMER4_IRQHandler
                0x00000000000017d8        0x8 ./startup/startup_lpc55s69_cm33_core0.o
                0x00000000000017d8                CTIMER4_IRQHandler
 .text.OS_EVENT_IRQHandler
                0x00000000000017e0        0x8 ./startup/startup_lpc55s69_cm33_core0.o
                0x00000000000017e0                OS_EVENT_IRQHandler
 .text.Reserved55_IRQHandler
                0x00000000000017e8        0x8 ./startup/startup_lpc55s69_cm33_core0.o
                0x00000000000017e8                Reserved55_IRQHandler
 .text.Reserved56_IRQHandler
                0x00000000000017f0        0x8 ./startup/startup_lpc55s69_cm33_core0.o
                0x00000000000017f0                Reserved56_IRQHandler
 .text.Reserved57_IRQHandler
                0x00000000000017f8        0x8 ./startup/startup_lpc55s69_cm33_core0.o
                0x00000000000017f8                Reserved57_IRQHandler
 .text.SDIO_IRQHandler
                0x0000000000001800        0x8 ./startup/startup_lpc55s69_cm33_core0.o
                0x0000000000001800                SDIO_IRQHandler
 .text.Reserved59_IRQHandler
                0x0000000000001808        0x8 ./startup/startup_lpc55s69_cm33_core0.o
                0x0000000000001808                Reserved59_IRQHandler
 .text.Reserved60_IRQHandler
                0x0000000000001810        0x8 ./startup/startup_lpc55s69_cm33_core0.o
                0x0000000000001810                Reserved60_IRQHandler
 .text.Reserved61_IRQHandler
                0x0000000000001818        0x8 ./startup/startup_lpc55s69_cm33_core0.o
                0x0000000000001818                Reserved61_IRQHandler
 .text.USB1_PHY_IRQHandler
                0x0000000000001820        0x8 ./startup/startup_lpc55s69_cm33_core0.o
                0x0000000000001820                USB1_PHY_IRQHandler
 .text.USB1_IRQHandler
                0x0000000000001828        0x8 ./startup/startup_lpc55s69_cm33_core0.o
                0x0000000000001828                USB1_IRQHandler
 .text.USB1_NEEDCLK_IRQHandler
                0x0000000000001830        0x8 ./startup/startup_lpc55s69_cm33_core0.o
                0x0000000000001830                USB1_NEEDCLK_IRQHandler
 .text.SEC_HYPERVISOR_CALL_IRQHandler
                0x0000000000001838        0x8 ./startup/startup_lpc55s69_cm33_core0.o
                0x0000000000001838                SEC_HYPERVISOR_CALL_IRQHandler
 .text.SEC_GPIO_INT0_IRQ0_IRQHandler
                0x0000000000001840        0x8 ./startup/startup_lpc55s69_cm33_core0.o
                0x0000000000001840                SEC_GPIO_INT0_IRQ0_IRQHandler
 .text.SEC_GPIO_INT0_IRQ1_IRQHandler
                0x0000000000001848        0x8 ./startup/startup_lpc55s69_cm33_core0.o
                0x0000000000001848                SEC_GPIO_INT0_IRQ1_IRQHandler
 .text.PLU_IRQHandler
                0x0000000000001850        0x8 ./startup/startup_lpc55s69_cm33_core0.o
                0x0000000000001850                PLU_IRQHandler
 .text.SEC_VIO_IRQHandler
                0x0000000000001858        0x8 ./startup/startup_lpc55s69_cm33_core0.o
                0x0000000000001858                SEC_VIO_IRQHandler
 .text.HASHCRYPT_IRQHandler
                0x0000000000001860        0x8 ./startup/startup_lpc55s69_cm33_core0.o
                0x0000000000001860                HASHCRYPT_IRQHandler
 .text.CASER_IRQHandler
                0x0000000000001868        0x8 ./startup/startup_lpc55s69_cm33_core0.o
                0x0000000000001868                CASER_IRQHandler
 .text.PUF_IRQHandler
                0x0000000000001870        0x8 ./startup/startup_lpc55s69_cm33_core0.o
                0x0000000000001870                PUF_IRQHandler
 .text.PQ_IRQHandler
                0x0000000000001878        0x8 ./startup/startup_lpc55s69_cm33_core0.o
                0x0000000000001878                PQ_IRQHandler
 .text.DMA1_IRQHandler
                0x0000000000001880        0x8 ./startup/startup_lpc55s69_cm33_core0.o
                0x0000000000001880                DMA1_IRQHandler
 .text.FLEXCOMM8_IRQHandler
                0x0000000000001888        0x8 ./startup/startup_lpc55s69_cm33_core0.o
                0x0000000000001888                FLEXCOMM8_IRQHandler
 .text.HardFault_Handler
                0x0000000000001890       0x2c ./source/semihost_hardfault.o
                0x0000000000001890                HardFault_Handler
 .text.delay    0x00000000000018bc       0x2e ./source/shader.o
                0x00000000000018bc                delay
 .text.SystemInitHook
                0x00000000000018ea        0xe ./device/system_LPC55S69_cm33_core0.o
                0x00000000000018ea                SystemInitHook
 .text.vPortSVCHandler_C
                0x00000000000018f8       0x2e ./amazon-freertos/freertos_kernel/portable/GCC/ARM_CM33_NTZ/non_secure/port.o
                0x00000000000018f8                vPortSVCHandler_C
 .text.ulSetInterruptMaskFromISR
                0x0000000000001926        0xc ./amazon-freertos/freertos_kernel/portable/GCC/ARM_CM33_NTZ/non_secure/portasm.o
                0x0000000000001926                ulSetInterruptMaskFromISR
 .text.vClearInterruptMaskFromISR
                0x0000000000001932        0x8 ./amazon-freertos/freertos_kernel/portable/GCC/ARM_CM33_NTZ/non_secure/portasm.o
                0x0000000000001932                vClearInterruptMaskFromISR
 .text.vListInsertEnd
                0x000000000000193a       0x48 ./amazon-freertos/freertos_kernel/list.o
                0x000000000000193a                vListInsertEnd
 .text.uxListRemove
                0x0000000000001982       0x54 ./amazon-freertos/freertos_kernel/list.o
                0x0000000000001982                uxListRemove
 .text.__main   0x00000000000019d6        0xe /Applications/MCUXpressoIDE_11.1.1_3241/ide/plugins/com.nxp.mcuxpresso.tools.macosx_11.1.0.202001081728/tools/bin/../lib/gcc/arm-none-eabi/8.3.1/../../../../arm-none-eabi/lib/thumb/v8-m.main+fp/hard/libcr_semihost_nf.a(_cr__main.o)
                0x00000000000019d6                __main
                0x00000000000019d6                __CR_SEMIHOST
 .text.memset   0x00000000000019e4        0x4 /Applications/MCUXpressoIDE_11.1.1_3241/ide/plugins/com.nxp.mcuxpresso.tools.macosx_11.1.0.202001081728/tools/bin/../lib/gcc/arm-none-eabi/8.3.1/../../../../arm-none-eabi/lib/thumb/v8-m.main+fp/hard/libcr_c.a(memset.o)
                0x00000000000019e4                memset
 .text.no_fp_display
                0x00000000000019e8        0x4 /Applications/MCUXpressoIDE_11.1.1_3241/ide/plugins/com.nxp.mcuxpresso.tools.macosx_11.1.0.202001081728/tools/bin/../lib/gcc/arm-none-eabi/8.3.1/../../../../arm-none-eabi/lib/thumb/v8-m.main+fp/hard/libcr_c.a(printf.o)
 .text.strlen   0x00000000000019ec       0x4c /Applications/MCUXpressoIDE_11.1.1_3241/ide/plugins/com.nxp.mcuxpresso.tools.macosx_11.1.0.202001081728/tools/bin/../lib/gcc/arm-none-eabi/8.3.1/../../../../arm-none-eabi/lib/thumb/v8-m.main+fp/hard/libcr_c.a(strlen.o)
                0x00000000000019ec                strlen
 .text._deferredlazyseek
                0x0000000000001a38       0x40 /Applications/MCUXpressoIDE_11.1.1_3241/ide/plugins/com.nxp.mcuxpresso.tools.macosx_11.1.0.202001081728/tools/bin/../lib/gcc/arm-none-eabi/8.3.1/../../../../arm-none-eabi/lib/thumb/v8-m.main+fp/hard/libcr_c.a(_deferredlazyseek.o)
                0x0000000000001a38                _deferredlazyseek
 .text.__flsbuf
                0x0000000000001a78      0x140 /Applications/MCUXpressoIDE_11.1.1_3241/ide/plugins/com.nxp.mcuxpresso.tools.macosx_11.1.0.202001081728/tools/bin/../lib/gcc/arm-none-eabi/8.3.1/../../../../arm-none-eabi/lib/thumb/v8-m.main+fp/hard/libcr_c.a(_deferredlazyseek.o)
                0x0000000000001a78                __flsbuf
 .text._fdopen  0x0000000000001bb8       0x68 /Applications/MCUXpressoIDE_11.1.1_3241/ide/plugins/com.nxp.mcuxpresso.tools.macosx_11.1.0.202001081728/tools/bin/../lib/gcc/arm-none-eabi/8.3.1/../../../../arm-none-eabi/lib/thumb/v8-m.main+fp/hard/libcr_c.a(_fdopen.o)
                0x0000000000001bb8                _fdopen
 .text._fflush  0x0000000000001c20       0x52 /Applications/MCUXpressoIDE_11.1.1_3241/ide/plugins/com.nxp.mcuxpresso.tools.macosx_11.1.0.202001081728/tools/bin/../lib/gcc/arm-none-eabi/8.3.1/../../../../arm-none-eabi/lib/thumb/v8-m.main+fp/hard/libcr_c.a(_fflush.o)
                0x0000000000001c20                _fflush
 .text.free     0x0000000000001c72       0x30 /Applications/MCUXpressoIDE_11.1.1_3241/ide/plugins/com.nxp.mcuxpresso.tools.macosx_11.1.0.202001081728/tools/bin/../lib/gcc/arm-none-eabi/8.3.1/../../../../arm-none-eabi/lib/thumb/v8-m.main+fp/hard/libcr_c.a(alloc.o)
                0x0000000000001c72                free
 .text.fclose   0x0000000000001ca2       0x58 /Applications/MCUXpressoIDE_11.1.1_3241/ide/plugins/com.nxp.mcuxpresso.tools.macosx_11.1.0.202001081728/tools/bin/../lib/gcc/arm-none-eabi/8.3.1/../../../../arm-none-eabi/lib/thumb/v8-m.main+fp/hard/libcr_c.a(fclose.o)
                0x0000000000001ca2                fclose
 .text.remove   0x0000000000001cfa       0x14 /Applications/MCUXpressoIDE_11.1.1_3241/ide/plugins/com.nxp.mcuxpresso.tools.macosx_11.1.0.202001081728/tools/bin/../lib/gcc/arm-none-eabi/8.3.1/../../../../arm-none-eabi/lib/thumb/v8-m.main+fp/hard/libcr_c.a(remove.o)
                0x0000000000001cfa                remove
 .text._do_fflush
                0x0000000000001d0e       0x40 /Applications/MCUXpressoIDE_11.1.1_3241/ide/plugins/com.nxp.mcuxpresso.tools.macosx_11.1.0.202001081728/tools/bin/../lib/gcc/arm-none-eabi/8.3.1/../../../../arm-none-eabi/lib/thumb/v8-m.main+fp/hard/libcr_c.a(_do_fflush.o)
                0x0000000000001d0e                _do_fflush
 .text.__aeabi_memset_lowlevel
                0x0000000000001d4e       0x32 /Applications/MCUXpressoIDE_11.1.1_3241/ide/plugins/com.nxp.mcuxpresso.tools.macosx_11.1.0.202001081728/tools/bin/../lib/gcc/arm-none-eabi/8.3.1/thumb/v8-m.main+fp/hard/libcr_eabihelpers.a(memcpy.o)
                0x0000000000001d4e                __aeabi_lowlevel_memset
 .text.__sys_close
                0x0000000000001d80        0xc /Applications/MCUXpressoIDE_11.1.1_3241/ide/plugins/com.nxp.mcuxpresso.tools.macosx_11.1.0.202001081728/tools/bin/../lib/gcc/arm-none-eabi/8.3.1/../../../../arm-none-eabi/lib/thumb/v8-m.main+fp/hard/libcr_semihost_nf.a(__sys_close.o)
                0x0000000000001d80                __sys_close
 .text.__sys_flen
                0x0000000000001d8c        0xc /Applications/MCUXpressoIDE_11.1.1_3241/ide/plugins/com.nxp.mcuxpresso.tools.macosx_11.1.0.202001081728/tools/bin/../lib/gcc/arm-none-eabi/8.3.1/../../../../arm-none-eabi/lib/thumb/v8-m.main+fp/hard/libcr_semihost_nf.a(__sys_flen.o)
                0x0000000000001d8c                __sys_flen
 .text.__sys_istty
                0x0000000000001d98        0xc /Applications/MCUXpressoIDE_11.1.1_3241/ide/plugins/com.nxp.mcuxpresso.tools.macosx_11.1.0.202001081728/tools/bin/../lib/gcc/arm-none-eabi/8.3.1/../../../../arm-none-eabi/lib/thumb/v8-m.main+fp/hard/libcr_semihost_nf.a(__sys_istty.o)
                0x0000000000001d98                __sys_istty
 .text.__sys_remove
                0x0000000000001da4        0xc /Applications/MCUXpressoIDE_11.1.1_3241/ide/plugins/com.nxp.mcuxpresso.tools.macosx_11.1.0.202001081728/tools/bin/../lib/gcc/arm-none-eabi/8.3.1/../../../../arm-none-eabi/lib/thumb/v8-m.main+fp/hard/libcr_semihost_nf.a(__sys_remove.o)
                0x0000000000001da4                __sys_remove
 .text.__sys_seek
                0x0000000000001db0        0xc /Applications/MCUXpressoIDE_11.1.1_3241/ide/plugins/com.nxp.mcuxpresso.tools.macosx_11.1.0.202001081728/tools/bin/../lib/gcc/arm-none-eabi/8.3.1/../../../../arm-none-eabi/lib/thumb/v8-m.main+fp/hard/libcr_semihost_nf.a(__sys_seek.o)
                0x0000000000001db0                __sys_seek
 .text.__sys_tmpnam
                0x0000000000001dbc        0xc /Applications/MCUXpressoIDE_11.1.1_3241/ide/plugins/com.nxp.mcuxpresso.tools.macosx_11.1.0.202001081728/tools/bin/../lib/gcc/arm-none-eabi/8.3.1/../../../../arm-none-eabi/lib/thumb/v8-m.main+fp/hard/libcr_semihost_nf.a(__sys_tmpnam.o)
                0x0000000000001dbc                __sys_tmpnam
 .text.__sys_write
                0x0000000000001dc8        0xc /Applications/MCUXpressoIDE_11.1.1_3241/ide/plugins/com.nxp.mcuxpresso.tools.macosx_11.1.0.202001081728/tools/bin/../lib/gcc/arm-none-eabi/8.3.1/../../../../arm-none-eabi/lib/thumb/v8-m.main+fp/hard/libcr_semihost_nf.a(__sys_write.o)
                0x0000000000001dc8                __sys_write
 *freertos*/tasks.o(SORT_BY_ALIGNMENT(.rodata*))
 .rodata.vTaskStartScheduler.str1.4
                0x0000000000001dd4        0x8 ./amazon-freertos/freertos_kernel/tasks.o
                                          0x5 (size before relaxing)
 *(SORT_BY_ALIGNMENT(.rodata) SORT_BY_ALIGNMENT(.rodata.*) SORT_BY_ALIGNMENT(.constdata) SORT_BY_ALIGNMENT(.constdata.*))
 .rodata.main.str1.4
                0x0000000000001ddc        0xd ./source/shader.o
 *fill*         0x0000000000001de9        0x3 ff
 .rodata.__num_Ciob_streams
                0x0000000000001dec        0x4 /Applications/MCUXpressoIDE_11.1.1_3241/ide/plugins/com.nxp.mcuxpresso.tools.macosx_11.1.0.202001081728/tools/bin/../lib/gcc/arm-none-eabi/8.3.1/../../../../arm-none-eabi/lib/thumb/v8-m.main+fp/hard/libcr_semihost_nf.a(__ciob.o)
                0x0000000000001dec                __num_Ciob_streams
 .rodata._initio.str1.1
                0x0000000000001df0        0x4 /Applications/MCUXpressoIDE_11.1.1_3241/ide/plugins/com.nxp.mcuxpresso.tools.macosx_11.1.0.202001081728/tools/bin/../lib/gcc/arm-none-eabi/8.3.1/../../../../arm-none-eabi/lib/thumb/v8-m.main+fp/hard/libcr_c.a(initio.o)
 .rodata.__vfprintf.str1.1
                0x0000000000001df4       0x37 /Applications/MCUXpressoIDE_11.1.1_3241/ide/plugins/com.nxp.mcuxpresso.tools.macosx_11.1.0.202001081728/tools/bin/../lib/gcc/arm-none-eabi/8.3.1/../../../../arm-none-eabi/lib/thumb/v8-m.main+fp/hard/libcr_c.a(printf.o)
                                         0x38 (size before relaxing)
 .rodata._Csys_alloc.str1.1
                0x0000000000001e2b       0x18 /Applications/MCUXpressoIDE_11.1.1_3241/ide/plugins/com.nxp.mcuxpresso.tools.macosx_11.1.0.202001081728/tools/bin/../lib/gcc/arm-none-eabi/8.3.1/../../../../arm-none-eabi/lib/thumb/v8-m.main+fp/hard/libcr_c.a(alloc.o)
                0x0000000000001e44                . = ALIGN (0x4)
 *fill*         0x0000000000001e43        0x1 ff

.glue_7         0x0000000000001e44        0x0
 .glue_7        0x0000000000001e44        0x0 linker stubs

.glue_7t        0x0000000000001e44        0x0
 .glue_7t       0x0000000000001e44        0x0 linker stubs

.vfp11_veneer   0x0000000000001e44        0x0
 .vfp11_veneer  0x0000000000001e44        0x0 linker stubs

.v4_bx          0x0000000000001e44        0x0
 .v4_bx         0x0000000000001e44        0x0 linker stubs

.iplt           0x0000000000001e44        0x0
 .iplt          0x0000000000001e44        0x0 ./startup/startup_lpc55s69_cm33_core0.o

.rel.dyn        0x0000000000001e44        0x0
 .rel.iplt      0x0000000000001e44        0x0 ./startup/startup_lpc55s69_cm33_core0.o

.ARM.extab
 *(SORT_BY_ALIGNMENT(.ARM.extab*) SORT_BY_ALIGNMENT(.gnu.linkonce.armextab.*))

.ARM.exidx      0x0000000000001e44        0x0
                0x0000000000001e44                __exidx_start = .
 *(SORT_BY_ALIGNMENT(.ARM.exidx*) SORT_BY_ALIGNMENT(.gnu.linkonce.armexidx.*))
                0x0000000000001e44                __exidx_end = .
                0x0000000000001e44                _etext = .

.m_usb_data
 *(SORT_BY_ALIGNMENT(m_usb_global))

.data_RAM2      0x0000000020040000        0x0 load address 0x0000000000001e44
 FILL mask 0xff
                [!provide]                        PROVIDE (__start_data_RAM2 = .)
                [!provide]                        PROVIDE (__start_data_SRAM4 = .)
 *(SORT_BY_ALIGNMENT(.ramfunc.$RAM2))
 *(SORT_BY_ALIGNMENT(.ramfunc.$SRAM4))
 *(SORT_BY_ALIGNMENT(.data.$RAM2))
 *(SORT_BY_ALIGNMENT(.data.$SRAM4))
 *(SORT_BY_ALIGNMENT(.data.$RAM2.*))
 *(SORT_BY_ALIGNMENT(.data.$SRAM4.*))
                0x0000000020040000                . = ALIGN (0x4)
                [!provide]                        PROVIDE (__end_data_RAM2 = .)
                [!provide]                        PROVIDE (__end_data_SRAM4 = .)

.data_RAM3      0x0000000004000000        0x0 load address 0x0000000000001e44
 FILL mask 0xff
                [!provide]                        PROVIDE (__start_data_RAM3 = .)
                [!provide]                        PROVIDE (__start_data_SRAMX = .)
 *(SORT_BY_ALIGNMENT(.ramfunc.$RAM3))
 *(SORT_BY_ALIGNMENT(.ramfunc.$SRAMX))
 *(SORT_BY_ALIGNMENT(.data.$RAM3))
 *(SORT_BY_ALIGNMENT(.data.$SRAMX))
 *(SORT_BY_ALIGNMENT(.data.$RAM3.*))
 *(SORT_BY_ALIGNMENT(.data.$SRAMX.*))
                0x0000000004000000                . = ALIGN (0x4)
                [!provide]                        PROVIDE (__end_data_RAM3 = .)
                [!provide]                        PROVIDE (__end_data_SRAMX = .)

.data_RAM4      0x0000000040100000        0x0 load address 0x0000000000001e44
 FILL mask 0xff
                [!provide]                        PROVIDE (__start_data_RAM4 = .)
                [!provide]                        PROVIDE (__start_data_USB_RAM = .)
 *(SORT_BY_ALIGNMENT(.ramfunc.$RAM4))
 *(SORT_BY_ALIGNMENT(.ramfunc.$USB_RAM))
 *(SORT_BY_ALIGNMENT(.data.$RAM4))
 *(SORT_BY_ALIGNMENT(.data.$USB_RAM))
 *(SORT_BY_ALIGNMENT(.data.$RAM4.*))
 *(SORT_BY_ALIGNMENT(.data.$USB_RAM.*))
                0x0000000040100000                . = ALIGN (0x4)
                [!provide]                        PROVIDE (__end_data_RAM4 = .)
                [!provide]                        PROVIDE (__end_data_USB_RAM = .)

.uninit_RESERVED
                0x0000000020000000        0x0
                0x0000000020000000                _start_uninit_RESERVED = .
 *(SORT_BY_ALIGNMENT(.bss.$RESERVED*))
                0x0000000020000000                . = ALIGN (0x4)
                0x0000000020000000                _end_uninit_RESERVED = .

.data           0x0000000020000000        0x0 load address 0x0000000000001e44
 FILL mask 0xff
                0x0000000020000000                _data = .
                [!provide]                        PROVIDE (__start_data_RAM = .)
                [!provide]                        PROVIDE (__start_data_SRAM = .)
 *(SORT_BY_ALIGNMENT(vtable))
 *(SORT_BY_ALIGNMENT(.ramfunc*))
 *(SORT_BY_ALIGNMENT(CodeQuickAccess))
 *(SORT_BY_ALIGNMENT(DataQuickAccess))
 *(SORT_BY_ALIGNMENT(RamFunction))
 *(SORT_BY_ALIGNMENT(.data*))
                0x0000000020000000                . = ALIGN (0x4)
                0x0000000020000000                _edata = .
                [!provide]                        PROVIDE (__end_data_RAM = .)
                [!provide]                        PROVIDE (__end_data_SRAM = .)

.igot.plt       0x0000000020000000        0x0 load address 0x0000000000001e44
 .igot.plt      0x0000000020000000        0x0 ./startup/startup_lpc55s69_cm33_core0.o

.bss_RAM2       0x0000000020040000        0x0
                [!provide]                        PROVIDE (__start_bss_RAM2 = .)
                [!provide]                        PROVIDE (__start_bss_SRAM4 = .)
 *(SORT_BY_ALIGNMENT(.bss.$RAM2))
 *(SORT_BY_ALIGNMENT(.bss.$SRAM4))
 *(SORT_BY_ALIGNMENT(.bss.$RAM2.*))
 *(SORT_BY_ALIGNMENT(.bss.$SRAM4.*))
                0x0000000020040000                . = ALIGN ((. != 0x0)?0x4:0x1)
                [!provide]                        PROVIDE (__end_bss_RAM2 = .)
                [!provide]                        PROVIDE (__end_bss_SRAM4 = .)

.bss_RAM3       0x0000000004000000        0x0
                [!provide]                        PROVIDE (__start_bss_RAM3 = .)
                [!provide]                        PROVIDE (__start_bss_SRAMX = .)
 *(SORT_BY_ALIGNMENT(.bss.$RAM3))
 *(SORT_BY_ALIGNMENT(.bss.$SRAMX))
 *(SORT_BY_ALIGNMENT(.bss.$RAM3.*))
 *(SORT_BY_ALIGNMENT(.bss.$SRAMX.*))
                0x0000000004000000                . = ALIGN ((. != 0x0)?0x4:0x1)
                [!provide]                        PROVIDE (__end_bss_RAM3 = .)
                [!provide]                        PROVIDE (__end_bss_SRAMX = .)

.bss_RAM4       0x0000000040100000        0x0
                [!provide]                        PROVIDE (__start_bss_RAM4 = .)
                [!provide]                        PROVIDE (__start_bss_USB_RAM = .)
 *(SORT_BY_ALIGNMENT(.bss.$RAM4))
 *(SORT_BY_ALIGNMENT(.bss.$USB_RAM))
 *(SORT_BY_ALIGNMENT(.bss.$RAM4.*))
 *(SORT_BY_ALIGNMENT(.bss.$USB_RAM.*))
                0x0000000040100000                . = ALIGN ((. != 0x0)?0x4:0x1)
                [!provide]                        PROVIDE (__end_bss_RAM4 = .)
                [!provide]                        PROVIDE (__end_bss_USB_RAM = .)

.bss            0x0000000020000000      0x150
                0x0000000020000000                _bss = .
                [!provide]                        PROVIDE (__start_bss_RAM = .)
                [!provide]                        PROVIDE (__start_bss_SRAM = .)
 *(SORT_BY_ALIGNMENT(.bss*))
 .bss.i.5333    0x0000000020000000        0x4 ./source/shader.o
 .bss.pxCurrentTCB
                0x0000000020000004        0x4 ./amazon-freertos/freertos_kernel/tasks.o
                0x0000000020000004                pxCurrentTCB
 .bss.pxReadyTasksLists
                0x0000000020000008       0x64 ./amazon-freertos/freertos_kernel/tasks.o
 .bss.pxDelayedTaskList
                0x000000002000006c        0x4 ./amazon-freertos/freertos_kernel/tasks.o
 .bss.pxOverflowDelayedTaskList
                0x0000000020000070        0x4 ./amazon-freertos/freertos_kernel/tasks.o
 .bss.xTickCount
                0x0000000020000074        0x4 ./amazon-freertos/freertos_kernel/tasks.o
 .bss.uxTopReadyPriority
                0x0000000020000078        0x4 ./amazon-freertos/freertos_kernel/tasks.o
 .bss.uxPendedTicks
                0x000000002000007c        0x4 ./amazon-freertos/freertos_kernel/tasks.o
 .bss.xYieldPending
                0x0000000020000080        0x4 ./amazon-freertos/freertos_kernel/tasks.o
 .bss.xNumOfOverflows
                0x0000000020000084        0x4 ./amazon-freertos/freertos_kernel/tasks.o
 .bss.xNextTaskUnblockTime
                0x0000000020000088        0x4 ./amazon-freertos/freertos_kernel/tasks.o
 .bss.uxSchedulerSuspended
                0x000000002000008c        0x4 ./amazon-freertos/freertos_kernel/tasks.o
 .bss.__end_of_heap
                0x0000000020000090        0x4 /Applications/MCUXpressoIDE_11.1.1_3241/ide/plugins/com.nxp.mcuxpresso.tools.macosx_11.1.0.202001081728/tools/bin/../lib/gcc/arm-none-eabi/8.3.1/../../../../arm-none-eabi/lib/thumb/v8-m.main+fp/hard/libcr_c.a(__init_alloc.o)
                0x0000000020000090                __end_of_heap
 .bss.__heaps   0x0000000020000094        0x4 /Applications/MCUXpressoIDE_11.1.1_3241/ide/plugins/com.nxp.mcuxpresso.tools.macosx_11.1.0.202001081728/tools/bin/../lib/gcc/arm-none-eabi/8.3.1/../../../../arm-none-eabi/lib/thumb/v8-m.main+fp/hard/libcr_c.a(__init_alloc.o)
                0x0000000020000094                __heaps
 .bss.errno     0x0000000020000098        0x4 /Applications/MCUXpressoIDE_11.1.1_3241/ide/plugins/com.nxp.mcuxpresso.tools.macosx_11.1.0.202001081728/tools/bin/../lib/gcc/arm-none-eabi/8.3.1/../../../../arm-none-eabi/lib/thumb/v8-m.main+fp/hard/libcr_c.a(errno.o)
                0x0000000020000098                errno
 .bss.__Ciob    0x000000002000009c       0xb4 /Applications/MCUXpressoIDE_11.1.1_3241/ide/plugins/com.nxp.mcuxpresso.tools.macosx_11.1.0.202001081728/tools/bin/../lib/gcc/arm-none-eabi/8.3.1/../../../../arm-none-eabi/lib/thumb/v8-m.main+fp/hard/libcr_semihost_nf.a(__ciob.o)
                0x000000002000009c                __Ciob
 *(SORT_BY_ALIGNMENT(COMMON))
                0x0000000020000150                . = ALIGN (0x4)
                0x0000000020000150                _ebss = .
                [!provide]                        PROVIDE (__end_bss_RAM = .)
                [!provide]                        PROVIDE (__end_bss_SRAM = .)
                [!provide]                        PROVIDE (end = .)

.noinit_RAM2    0x0000000020040000        0x0
                [!provide]                        PROVIDE (__start_noinit_RAM2 = .)
                [!provide]                        PROVIDE (__start_noinit_SRAM4 = .)
 *(SORT_BY_ALIGNMENT(.noinit.$RAM2))
 *(SORT_BY_ALIGNMENT(.noinit.$SRAM4))
 *(SORT_BY_ALIGNMENT(.noinit.$RAM2.*))
 *(SORT_BY_ALIGNMENT(.noinit.$SRAM4.*))
                0x0000000020040000                . = ALIGN (0x4)
                [!provide]                        PROVIDE (__end_noinit_RAM2 = .)
                [!provide]                        PROVIDE (__end_noinit_SRAM4 = .)

.noinit_RAM3    0x0000000004000000        0x0
                [!provide]                        PROVIDE (__start_noinit_RAM3 = .)
                [!provide]                        PROVIDE (__start_noinit_SRAMX = .)
 *(SORT_BY_ALIGNMENT(.noinit.$RAM3))
 *(SORT_BY_ALIGNMENT(.noinit.$SRAMX))
 *(SORT_BY_ALIGNMENT(.noinit.$RAM3.*))
 *(SORT_BY_ALIGNMENT(.noinit.$SRAMX.*))
                0x0000000004000000                . = ALIGN (0x4)
                [!provide]                        PROVIDE (__end_noinit_RAM3 = .)
                [!provide]                        PROVIDE (__end_noinit_SRAMX = .)

.noinit_RAM4    0x0000000040100000        0x0
                [!provide]                        PROVIDE (__start_noinit_RAM4 = .)
                [!provide]                        PROVIDE (__start_noinit_USB_RAM = .)
 *(SORT_BY_ALIGNMENT(.noinit.$RAM4))
 *(SORT_BY_ALIGNMENT(.noinit.$USB_RAM))
 *(SORT_BY_ALIGNMENT(.noinit.$RAM4.*))
 *(SORT_BY_ALIGNMENT(.noinit.$USB_RAM.*))
                0x0000000040100000                . = ALIGN (0x4)
                [!provide]                        PROVIDE (__end_noinit_RAM4 = .)
                [!provide]                        PROVIDE (__end_noinit_USB_RAM = .)

.noinit         0x0000000020000150        0x0
                0x0000000020000150                _noinit = .
                [!provide]                        PROVIDE (__start_noinit_RAM = .)
                [!provide]                        PROVIDE (__start_noinit_SRAM = .)
 *(SORT_BY_ALIGNMENT(.noinit*))
                0x0000000020000150                . = ALIGN (0x4)
                0x0000000020000150                _end_noinit = .
                [!provide]                        PROVIDE (__end_noinit_RAM = .)
                [!provide]                        PROVIDE (__end_noinit_SRAM = .)
                0x0000000000001000                _HeapSize = 0x1000

.heap           0x0000000020000150     0x1000
                0x0000000020000150                _pvHeapStart = .
                0x0000000020001150                . = (. + _HeapSize)
 *fill*         0x0000000020000150     0x1000 
                0x0000000020001150                . = ALIGN (0x4)
                0x0000000020001150                _pvHeapLimit = .
                0x0000000000001000                _StackSize = 0x1000

.heap2stackfill
                0x0000000020001150     0x1000
                0x0000000020002150                . = (. + _StackSize)
 *fill*         0x0000000020001150     0x1000 

.stack          0x000000002003f000        0x0
                0x000000002003f000                _vStackBase = .
                0x000000002003f000                . = ALIGN (0x4)
                0x0000000020040000                _vStackTop = (. + _StackSize)
                [!provide]                        PROVIDE (__valid_user_code_checksum = (0x0 - ((((((_vStackTop + (ResetISR + 0x1)) + (NMI_Handler + 0x1)) + (HardFault_Handler + 0x1)) + (DEFINED (MemManage_Handler)?MemManage_Handler:0x0 + 0x1)) + (DEFINED (BusFault_Handler)?BusFault_Handler:0x0 + 0x1)) + (DEFINED (UsageFault_Handler)?UsageFault_Handler:0x0 + 0x1))))
                0x0000000000000000                _image_start = LOADADDR (.text)
                0x0000000000001e44                _image_end = (LOADADDR (.data) + SIZEOF (.data))
                0x0000000000001e44                _image_size = (_image_end - _image_start)
OUTPUT(LPC55S69_shader.axf elf32-littlearm)

.debug_info     0x0000000000000000     0x3f59
 .debug_info    0x0000000000000000      0x6fb ./startup/startup_lpc55s69_cm33_core0.o
 .debug_info    0x00000000000006fb       0x3c ./source/semihost_hardfault.o
 .debug_info    0x0000000000000737      0x222 ./source/shader.o
 .debug_info    0x0000000000000959       0xc6 ./drivers/edyev_spi.o
 .debug_info    0x0000000000000a1f     0x13b4 ./device/system_LPC55S69_cm33_core0.o
 .debug_info    0x0000000000001dd3       0xd8 ./board/init.o
 .debug_info    0x0000000000001eab      0x2ab ./amazon-freertos/freertos_kernel/portable/GCC/ARM_CM33_NTZ/non_secure/port.o
 .debug_info    0x0000000000002156      0x191 ./amazon-freertos/freertos_kernel/portable/GCC/ARM_CM33_NTZ/non_secure/portasm.o
 .debug_info    0x00000000000022e7      0x302 ./amazon-freertos/freertos_kernel/list.o
 .debug_info    0x00000000000025e9     0x1970 ./amazon-freertos/freertos_kernel/tasks.o

.debug_abbrev   0x0000000000000000      0xbeb
 .debug_abbrev  0x0000000000000000      0x15a ./startup/startup_lpc55s69_cm33_core0.o
 .debug_abbrev  0x000000000000015a       0x31 ./source/semihost_hardfault.o
 .debug_abbrev  0x000000000000018b      0x10c ./source/shader.o
 .debug_abbrev  0x0000000000000297       0x9a ./drivers/edyev_spi.o
 .debug_abbrev  0x0000000000000331      0x1fa ./device/system_LPC55S69_cm33_core0.o
 .debug_abbrev  0x000000000000052b       0x9a ./board/init.o
 .debug_abbrev  0x00000000000005c5      0x14a ./amazon-freertos/freertos_kernel/portable/GCC/ARM_CM33_NTZ/non_secure/port.o
 .debug_abbrev  0x000000000000070f       0xfd ./amazon-freertos/freertos_kernel/portable/GCC/ARM_CM33_NTZ/non_secure/portasm.o
 .debug_abbrev  0x000000000000080c      0x12d ./amazon-freertos/freertos_kernel/list.o
 .debug_abbrev  0x0000000000000939      0x2b2 ./amazon-freertos/freertos_kernel/tasks.o

.debug_aranges  0x0000000000000000      0x680
 .debug_aranges
                0x0000000000000000      0x268 ./startup/startup_lpc55s69_cm33_core0.o
 .debug_aranges
                0x0000000000000268       0x20 ./source/semihost_hardfault.o
 .debug_aranges
                0x0000000000000288       0x28 ./source/shader.o
 .debug_aranges
                0x00000000000002b0       0x20 ./drivers/edyev_spi.o
 .debug_aranges
                0x00000000000002d0       0x88 ./device/system_LPC55S69_cm33_core0.o
 .debug_aranges
                0x0000000000000358       0x28 ./board/init.o
 .debug_aranges
                0x0000000000000380       0x68 ./amazon-freertos/freertos_kernel/portable/GCC/ARM_CM33_NTZ/non_secure/port.o
 .debug_aranges
                0x00000000000003e8       0x60 ./amazon-freertos/freertos_kernel/portable/GCC/ARM_CM33_NTZ/non_secure/portasm.o
 .debug_aranges
                0x0000000000000448       0x40 ./amazon-freertos/freertos_kernel/list.o
 .debug_aranges
                0x0000000000000488      0x1f8 ./amazon-freertos/freertos_kernel/tasks.o

.debug_ranges   0x0000000000000000      0x5e0
 .debug_ranges  0x0000000000000000      0x258 ./startup/startup_lpc55s69_cm33_core0.o
 .debug_ranges  0x0000000000000258       0x10 ./source/semihost_hardfault.o
 .debug_ranges  0x0000000000000268       0x18 ./source/shader.o
 .debug_ranges  0x0000000000000280       0x10 ./drivers/edyev_spi.o
 .debug_ranges  0x0000000000000290       0x78 ./device/system_LPC55S69_cm33_core0.o
 .debug_ranges  0x0000000000000308       0x18 ./board/init.o
 .debug_ranges  0x0000000000000320       0x58 ./amazon-freertos/freertos_kernel/portable/GCC/ARM_CM33_NTZ/non_secure/port.o
 .debug_ranges  0x0000000000000378       0x50 ./amazon-freertos/freertos_kernel/portable/GCC/ARM_CM33_NTZ/non_secure/portasm.o
 .debug_ranges  0x00000000000003c8       0x30 ./amazon-freertos/freertos_kernel/list.o
 .debug_ranges  0x00000000000003f8      0x1e8 ./amazon-freertos/freertos_kernel/tasks.o

.debug_macro    0x0000000000000000    0x1346e
 .debug_macro   0x0000000000000000       0x29 ./startup/startup_lpc55s69_cm33_core0.o
 .debug_macro   0x0000000000000029       0x11 ./source/semihost_hardfault.o
 .debug_macro   0x000000000000003a       0x6a ./source/shader.o
 .debug_macro   0x00000000000000a4       0x10 ./source/shader.o
 .debug_macro   0x00000000000000b4      0x12e ./source/shader.o
 .debug_macro   0x00000000000001e2       0xd8 ./source/shader.o
 .debug_macro   0x00000000000002ba      0x5b3 ./source/shader.o
 .debug_macro   0x000000000000086d       0x64 ./source/shader.o
 .debug_macro   0x00000000000008d1       0x2e ./source/shader.o
 .debug_macro   0x00000000000008ff       0x58 ./source/shader.o
 .debug_macro   0x0000000000000957       0x54 ./drivers/edyev_spi.o
 .debug_macro   0x00000000000009ab       0x5e ./drivers/edyev_spi.o
 .debug_macro   0x0000000000000a09       0xc1 ./device/system_LPC55S69_cm33_core0.o
 .debug_macro   0x0000000000000aca       0x10 ./device/system_LPC55S69_cm33_core0.o
 .debug_macro   0x0000000000000ada       0x46 ./device/system_LPC55S69_cm33_core0.o
 .debug_macro   0x0000000000000b20       0x1c ./device/system_LPC55S69_cm33_core0.o
 .debug_macro   0x0000000000000b3c       0x29 ./device/system_LPC55S69_cm33_core0.o
 .debug_macro   0x0000000000000b65       0xd8 ./device/system_LPC55S69_cm33_core0.o
 .debug_macro   0x0000000000000c3d     0x1336 ./device/system_LPC55S69_cm33_core0.o
 .debug_macro   0x0000000000001f73       0x5e ./device/system_LPC55S69_cm33_core0.o
 .debug_macro   0x0000000000001fd1       0x2e ./device/system_LPC55S69_cm33_core0.o
 .debug_macro   0x0000000000001fff    0x10a80 ./device/system_LPC55S69_cm33_core0.o
 .debug_macro   0x0000000000012a7f      0x3be ./device/system_LPC55S69_cm33_core0.o
 .debug_macro   0x0000000000012e3d       0x54 ./board/init.o
 .debug_macro   0x0000000000012e91      0x2b9 ./amazon-freertos/freertos_kernel/portable/GCC/ARM_CM33_NTZ/non_secure/port.o
 .debug_macro   0x000000000001314a       0x16 ./amazon-freertos/freertos_kernel/portable/GCC/ARM_CM33_NTZ/non_secure/port.o
 .debug_macro   0x0000000000013160       0xb6 ./amazon-freertos/freertos_kernel/portable/GCC/ARM_CM33_NTZ/non_secure/portasm.o
 .debug_macro   0x0000000000013216       0xb9 ./amazon-freertos/freertos_kernel/list.o
 .debug_macro   0x00000000000132cf      0x18f ./amazon-freertos/freertos_kernel/tasks.o
 .debug_macro   0x000000000001345e       0x10 ./amazon-freertos/freertos_kernel/tasks.o

.debug_line     0x0000000000000000     0x3a1a
 .debug_line    0x0000000000000000      0x6ab ./startup/startup_lpc55s69_cm33_core0.o
 .debug_line    0x00000000000006ab       0x5a ./source/semihost_hardfault.o
 .debug_line    0x0000000000000705      0x2fb ./source/shader.o
 .debug_line    0x0000000000000a00      0x209 ./drivers/edyev_spi.o
 .debug_line    0x0000000000000c09      0x67d ./device/system_LPC55S69_cm33_core0.o
 .debug_line    0x0000000000001286      0x201 ./board/init.o
 .debug_line    0x0000000000001487      0x5a9 ./amazon-freertos/freertos_kernel/portable/GCC/ARM_CM33_NTZ/non_secure/port.o
 .debug_line    0x0000000000001a30      0x476 ./amazon-freertos/freertos_kernel/portable/GCC/ARM_CM33_NTZ/non_secure/portasm.o
 .debug_line    0x0000000000001ea6      0x484 ./amazon-freertos/freertos_kernel/list.o
 .debug_line    0x000000000000232a     0x16f0 ./amazon-freertos/freertos_kernel/tasks.o

.debug_str      0x0000000000000000    0xb06bd
 .debug_str     0x0000000000000000     0x358f ./startup/startup_lpc55s69_cm33_core0.o
                                       0x35cd (size before relaxing)
 .debug_str     0x000000000000358f       0x1f ./source/semihost_hardfault.o
                                       0x2efb (size before relaxing)
 .debug_str     0x00000000000035ae     0x1e96 ./source/shader.o
                                       0x4df9 (size before relaxing)
 .debug_str     0x0000000000005444       0x20 ./drivers/edyev_spi.o
                                       0x49c8 (size before relaxing)
 .debug_str     0x0000000000005464    0xa4395 ./device/system_LPC55S69_cm33_core0.o
                                      0xa8985 (size before relaxing)
 .debug_str     0x00000000000a97f9       0x19 ./board/init.o
                                       0x48e7 (size before relaxing)
 .debug_str     0x00000000000a9812     0x504a ./amazon-freertos/freertos_kernel/portable/GCC/ARM_CM33_NTZ/non_secure/port.o
                                       0x969b (size before relaxing)
 .debug_str     0x00000000000ae85c       0xe7 ./amazon-freertos/freertos_kernel/portable/GCC/ARM_CM33_NTZ/non_secure/portasm.o
                                       0x7ac9 (size before relaxing)
 .debug_str     0x00000000000ae943      0x1ae ./amazon-freertos/freertos_kernel/list.o
                                       0x82cf (size before relaxing)
 .debug_str     0x00000000000aeaf1     0x1bcc ./amazon-freertos/freertos_kernel/tasks.o
                                       0xa5ba (size before relaxing)

.comment        0x0000000000000000       0x76
 .comment       0x0000000000000000       0x76 ./startup/startup_lpc55s69_cm33_core0.o
                                         0x77 (size before relaxing)
 .comment       0x0000000000000076       0x77 ./source/semihost_hardfault.o
 .comment       0x0000000000000076       0x77 ./source/shader.o
 .comment       0x0000000000000076       0x77 ./drivers/edyev_spi.o
 .comment       0x0000000000000076       0x77 ./device/system_LPC55S69_cm33_core0.o
 .comment       0x0000000000000076       0x77 ./board/init.o
 .comment       0x0000000000000076       0x77 ./amazon-freertos/freertos_kernel/portable/GCC/ARM_CM33_NTZ/non_secure/port.o
 .comment       0x0000000000000076       0x77 ./amazon-freertos/freertos_kernel/portable/GCC/ARM_CM33_NTZ/non_secure/portasm.o
 .comment       0x0000000000000076       0x77 ./amazon-freertos/freertos_kernel/list.o
 .comment       0x0000000000000076       0x77 ./amazon-freertos/freertos_kernel/tasks.o
 .comment       0x0000000000000076       0x77 /Applications/MCUXpressoIDE_11.1.1_3241/ide/plugins/com.nxp.mcuxpresso.tools.macosx_11.1.0.202001081728/tools/bin/../lib/gcc/arm-none-eabi/8.3.1/../../../../arm-none-eabi/lib/thumb/v8-m.main+fp/hard/libcr_semihost_nf.a(_cr__main.o)
 .comment       0x0000000000000076       0x77 /Applications/MCUXpressoIDE_11.1.1_3241/ide/plugins/com.nxp.mcuxpresso.tools.macosx_11.1.0.202001081728/tools/bin/../lib/gcc/arm-none-eabi/8.3.1/../../../../arm-none-eabi/lib/thumb/v8-m.main+fp/hard/libcr_c.a(memset.o)
 .comment       0x0000000000000076       0x77 /Applications/MCUXpressoIDE_11.1.1_3241/ide/plugins/com.nxp.mcuxpresso.tools.macosx_11.1.0.202001081728/tools/bin/../lib/gcc/arm-none-eabi/8.3.1/../../../../arm-none-eabi/lib/thumb/v8-m.main+fp/hard/libcr_c.a(initio.o)
 .comment       0x0000000000000076       0x77 /Applications/MCUXpressoIDE_11.1.1_3241/ide/plugins/com.nxp.mcuxpresso.tools.macosx_11.1.0.202001081728/tools/bin/../lib/gcc/arm-none-eabi/8.3.1/../../../../arm-none-eabi/lib/thumb/v8-m.main+fp/hard/libcr_c.a(printf.o)
 .comment       0x0000000000000076       0x77 /Applications/MCUXpressoIDE_11.1.1_3241/ide/plugins/com.nxp.mcuxpresso.tools.macosx_11.1.0.202001081728/tools/bin/../lib/gcc/arm-none-eabi/8.3.1/../../../../arm-none-eabi/lib/thumb/v8-m.main+fp/hard/libcr_c.a(setvbuf.o)
 .comment       0x0000000000000076       0x77 /Applications/MCUXpressoIDE_11.1.1_3241/ide/plugins/com.nxp.mcuxpresso.tools.macosx_11.1.0.202001081728/tools/bin/../lib/gcc/arm-none-eabi/8.3.1/../../../../arm-none-eabi/lib/thumb/v8-m.main+fp/hard/libcr_c.a(strlen.o)
 .comment       0x0000000000000076       0x77 /Applications/MCUXpressoIDE_11.1.1_3241/ide/plugins/com.nxp.mcuxpresso.tools.macosx_11.1.0.202001081728/tools/bin/../lib/gcc/arm-none-eabi/8.3.1/../../../../arm-none-eabi/lib/thumb/v8-m.main+fp/hard/libcr_c.a(_deferredlazyseek.o)
 .comment       0x0000000000000076       0x77 /Applications/MCUXpressoIDE_11.1.1_3241/ide/plugins/com.nxp.mcuxpresso.tools.macosx_11.1.0.202001081728/tools/bin/../lib/gcc/arm-none-eabi/8.3.1/../../../../arm-none-eabi/lib/thumb/v8-m.main+fp/hard/libcr_c.a(_fdopen.o)
 .comment       0x0000000000000076       0x77 /Applications/MCUXpressoIDE_11.1.1_3241/ide/plugins/com.nxp.mcuxpresso.tools.macosx_11.1.0.202001081728/tools/bin/../lib/gcc/arm-none-eabi/8.3.1/../../../../arm-none-eabi/lib/thumb/v8-m.main+fp/hard/libcr_c.a(_fflush.o)
 .comment       0x0000000000000076       0x77 /Applications/MCUXpressoIDE_11.1.1_3241/ide/plugins/com.nxp.mcuxpresso.tools.macosx_11.1.0.202001081728/tools/bin/../lib/gcc/arm-none-eabi/8.3.1/../../../../arm-none-eabi/lib/thumb/v8-m.main+fp/hard/libcr_c.a(_writebuf.o)
 .comment       0x0000000000000076       0x77 /Applications/MCUXpressoIDE_11.1.1_3241/ide/plugins/com.nxp.mcuxpresso.tools.macosx_11.1.0.202001081728/tools/bin/../lib/gcc/arm-none-eabi/8.3.1/../../../../arm-none-eabi/lib/thumb/v8-m.main+fp/hard/libcr_c.a(alloc.o)
 .comment       0x0000000000000076       0x77 /Applications/MCUXpressoIDE_11.1.1_3241/ide/plugins/com.nxp.mcuxpresso.tools.macosx_11.1.0.202001081728/tools/bin/../lib/gcc/arm-none-eabi/8.3.1/../../../../arm-none-eabi/lib/thumb/v8-m.main+fp/hard/libcr_c.a(fclose.o)
 .comment       0x0000000000000076       0x77 /Applications/MCUXpressoIDE_11.1.1_3241/ide/plugins/com.nxp.mcuxpresso.tools.macosx_11.1.0.202001081728/tools/bin/../lib/gcc/arm-none-eabi/8.3.1/../../../../arm-none-eabi/lib/thumb/v8-m.main+fp/hard/libcr_c.a(fflush.o)
 .comment       0x0000000000000076       0x77 /Applications/MCUXpressoIDE_11.1.1_3241/ide/plugins/com.nxp.mcuxpresso.tools.macosx_11.1.0.202001081728/tools/bin/../lib/gcc/arm-none-eabi/8.3.1/../../../../arm-none-eabi/lib/thumb/v8-m.main+fp/hard/libcr_c.a(fseek.o)
 .comment       0x0000000000000076       0x77 /Applications/MCUXpressoIDE_11.1.1_3241/ide/plugins/com.nxp.mcuxpresso.tools.macosx_11.1.0.202001081728/tools/bin/../lib/gcc/arm-none-eabi/8.3.1/../../../../arm-none-eabi/lib/thumb/v8-m.main+fp/hard/libcr_c.a(ftell.o)
 .comment       0x0000000000000076       0x77 /Applications/MCUXpressoIDE_11.1.1_3241/ide/plugins/com.nxp.mcuxpresso.tools.macosx_11.1.0.202001081728/tools/bin/../lib/gcc/arm-none-eabi/8.3.1/../../../../arm-none-eabi/lib/thumb/v8-m.main+fp/hard/libcr_c.a(remove.o)
 .comment       0x0000000000000076       0x77 /Applications/MCUXpressoIDE_11.1.1_3241/ide/plugins/com.nxp.mcuxpresso.tools.macosx_11.1.0.202001081728/tools/bin/../lib/gcc/arm-none-eabi/8.3.1/../../../../arm-none-eabi/lib/thumb/v8-m.main+fp/hard/libcr_c.a(__init_alloc.o)
 .comment       0x0000000000000076       0x77 /Applications/MCUXpressoIDE_11.1.1_3241/ide/plugins/com.nxp.mcuxpresso.tools.macosx_11.1.0.202001081728/tools/bin/../lib/gcc/arm-none-eabi/8.3.1/../../../../arm-none-eabi/lib/thumb/v8-m.main+fp/hard/libcr_c.a(_cr_sbrk.o)
 .comment       0x0000000000000076       0x77 /Applications/MCUXpressoIDE_11.1.1_3241/ide/plugins/com.nxp.mcuxpresso.tools.macosx_11.1.0.202001081728/tools/bin/../lib/gcc/arm-none-eabi/8.3.1/../../../../arm-none-eabi/lib/thumb/v8-m.main+fp/hard/libcr_c.a(_do_fflush.o)
 .comment       0x0000000000000076       0x77 /Applications/MCUXpressoIDE_11.1.1_3241/ide/plugins/com.nxp.mcuxpresso.tools.macosx_11.1.0.202001081728/tools/bin/../lib/gcc/arm-none-eabi/8.3.1/../../../../arm-none-eabi/lib/thumb/v8-m.main+fp/hard/libcr_c.a(errno.o)
 .comment       0x0000000000000076       0x77 /Applications/MCUXpressoIDE_11.1.1_3241/ide/plugins/com.nxp.mcuxpresso.tools.macosx_11.1.0.202001081728/tools/bin/../lib/gcc/arm-none-eabi/8.3.1/../../../../arm-none-eabi/lib/thumb/v8-m.main+fp/hard/libcr_c.a(_cr_check_heap.o)
 .comment       0x0000000000000076       0x77 /Applications/MCUXpressoIDE_11.1.1_3241/ide/plugins/com.nxp.mcuxpresso.tools.macosx_11.1.0.202001081728/tools/bin/../lib/gcc/arm-none-eabi/8.3.1/../../../../arm-none-eabi/lib/thumb/v8-m.main+fp/hard/libcr_semihost_nf.a(__ciob.o)

.ARM.attributes
                0x0000000000000000       0x3a
 .ARM.attributes
                0x0000000000000000       0x3a ./startup/startup_lpc55s69_cm33_core0.o
 .ARM.attributes
                0x000000000000003a       0x3a ./source/semihost_hardfault.o
 .ARM.attributes
                0x0000000000000074       0x3a ./source/shader.o
 .ARM.attributes
                0x00000000000000ae       0x3a ./drivers/edyev_spi.o
 .ARM.attributes
                0x00000000000000e8       0x3a ./device/system_LPC55S69_cm33_core0.o
 .ARM.attributes
                0x0000000000000122       0x3a ./board/init.o
 .ARM.attributes
                0x000000000000015c       0x3a ./amazon-freertos/freertos_kernel/portable/GCC/ARM_CM33_NTZ/non_secure/port.o
 .ARM.attributes
                0x0000000000000196       0x3a ./amazon-freertos/freertos_kernel/portable/GCC/ARM_CM33_NTZ/non_secure/portasm.o
 .ARM.attributes
                0x00000000000001d0       0x3a ./amazon-freertos/freertos_kernel/list.o
 .ARM.attributes
                0x000000000000020a       0x3a ./amazon-freertos/freertos_kernel/tasks.o
 .ARM.attributes
                0x0000000000000244       0x3a /Applications/MCUXpressoIDE_11.1.1_3241/ide/plugins/com.nxp.mcuxpresso.tools.macosx_11.1.0.202001081728/tools/bin/../lib/gcc/arm-none-eabi/8.3.1/../../../../arm-none-eabi/lib/thumb/v8-m.main+fp/hard/libcr_semihost_nf.a(_cr__main.o)
 .ARM.attributes
                0x000000000000027e       0x3a /Applications/MCUXpressoIDE_11.1.1_3241/ide/plugins/com.nxp.mcuxpresso.tools.macosx_11.1.0.202001081728/tools/bin/../lib/gcc/arm-none-eabi/8.3.1/../../../../arm-none-eabi/lib/thumb/v8-m.main+fp/hard/libcr_c.a(memset.o)
 .ARM.attributes
                0x00000000000002b8       0x3a /Applications/MCUXpressoIDE_11.1.1_3241/ide/plugins/com.nxp.mcuxpresso.tools.macosx_11.1.0.202001081728/tools/bin/../lib/gcc/arm-none-eabi/8.3.1/../../../../arm-none-eabi/lib/thumb/v8-m.main+fp/hard/libcr_c.a(initio.o)
 .ARM.attributes
                0x00000000000002f2       0x3a /Applications/MCUXpressoIDE_11.1.1_3241/ide/plugins/com.nxp.mcuxpresso.tools.macosx_11.1.0.202001081728/tools/bin/../lib/gcc/arm-none-eabi/8.3.1/../../../../arm-none-eabi/lib/thumb/v8-m.main+fp/hard/libcr_c.a(printf.o)
 .ARM.attributes
                0x000000000000032c       0x3a /Applications/MCUXpressoIDE_11.1.1_3241/ide/plugins/com.nxp.mcuxpresso.tools.macosx_11.1.0.202001081728/tools/bin/../lib/gcc/arm-none-eabi/8.3.1/../../../../arm-none-eabi/lib/thumb/v8-m.main+fp/hard/libcr_c.a(setvbuf.o)
 .ARM.attributes
                0x0000000000000366       0x3a /Applications/MCUXpressoIDE_11.1.1_3241/ide/plugins/com.nxp.mcuxpresso.tools.macosx_11.1.0.202001081728/tools/bin/../lib/gcc/arm-none-eabi/8.3.1/../../../../arm-none-eabi/lib/thumb/v8-m.main+fp/hard/libcr_c.a(strlen.o)
 .ARM.attributes
                0x00000000000003a0       0x3a /Applications/MCUXpressoIDE_11.1.1_3241/ide/plugins/com.nxp.mcuxpresso.tools.macosx_11.1.0.202001081728/tools/bin/../lib/gcc/arm-none-eabi/8.3.1/../../../../arm-none-eabi/lib/thumb/v8-m.main+fp/hard/libcr_c.a(_deferredlazyseek.o)
 .ARM.attributes
                0x00000000000003da       0x3a /Applications/MCUXpressoIDE_11.1.1_3241/ide/plugins/com.nxp.mcuxpresso.tools.macosx_11.1.0.202001081728/tools/bin/../lib/gcc/arm-none-eabi/8.3.1/../../../../arm-none-eabi/lib/thumb/v8-m.main+fp/hard/libcr_c.a(_fdopen.o)
 .ARM.attributes
                0x0000000000000414       0x3a /Applications/MCUXpressoIDE_11.1.1_3241/ide/plugins/com.nxp.mcuxpresso.tools.macosx_11.1.0.202001081728/tools/bin/../lib/gcc/arm-none-eabi/8.3.1/../../../../arm-none-eabi/lib/thumb/v8-m.main+fp/hard/libcr_c.a(_fflush.o)
 .ARM.attributes
                0x000000000000044e       0x3a /Applications/MCUXpressoIDE_11.1.1_3241/ide/plugins/com.nxp.mcuxpresso.tools.macosx_11.1.0.202001081728/tools/bin/../lib/gcc/arm-none-eabi/8.3.1/../../../../arm-none-eabi/lib/thumb/v8-m.main+fp/hard/libcr_c.a(_writebuf.o)
 .ARM.attributes
                0x0000000000000488       0x3a /Applications/MCUXpressoIDE_11.1.1_3241/ide/plugins/com.nxp.mcuxpresso.tools.macosx_11.1.0.202001081728/tools/bin/../lib/gcc/arm-none-eabi/8.3.1/../../../../arm-none-eabi/lib/thumb/v8-m.main+fp/hard/libcr_c.a(alloc.o)
 .ARM.attributes
                0x00000000000004c2       0x3a /Applications/MCUXpressoIDE_11.1.1_3241/ide/plugins/com.nxp.mcuxpresso.tools.macosx_11.1.0.202001081728/tools/bin/../lib/gcc/arm-none-eabi/8.3.1/../../../../arm-none-eabi/lib/thumb/v8-m.main+fp/hard/libcr_c.a(fclose.o)
 .ARM.attributes
                0x00000000000004fc       0x3a /Applications/MCUXpressoIDE_11.1.1_3241/ide/plugins/com.nxp.mcuxpresso.tools.macosx_11.1.0.202001081728/tools/bin/../lib/gcc/arm-none-eabi/8.3.1/../../../../arm-none-eabi/lib/thumb/v8-m.main+fp/hard/libcr_c.a(fflush.o)
 .ARM.attributes
                0x0000000000000536       0x3a /Applications/MCUXpressoIDE_11.1.1_3241/ide/plugins/com.nxp.mcuxpresso.tools.macosx_11.1.0.202001081728/tools/bin/../lib/gcc/arm-none-eabi/8.3.1/../../../../arm-none-eabi/lib/thumb/v8-m.main+fp/hard/libcr_c.a(fseek.o)
 .ARM.attributes
                0x0000000000000570       0x3a /Applications/MCUXpressoIDE_11.1.1_3241/ide/plugins/com.nxp.mcuxpresso.tools.macosx_11.1.0.202001081728/tools/bin/../lib/gcc/arm-none-eabi/8.3.1/../../../../arm-none-eabi/lib/thumb/v8-m.main+fp/hard/libcr_c.a(ftell.o)
 .ARM.attributes
                0x00000000000005aa       0x3a /Applications/MCUXpressoIDE_11.1.1_3241/ide/plugins/com.nxp.mcuxpresso.tools.macosx_11.1.0.202001081728/tools/bin/../lib/gcc/arm-none-eabi/8.3.1/../../../../arm-none-eabi/lib/thumb/v8-m.main+fp/hard/libcr_c.a(remove.o)
 .ARM.attributes
                0x00000000000005e4       0x3a /Applications/MCUXpressoIDE_11.1.1_3241/ide/plugins/com.nxp.mcuxpresso.tools.macosx_11.1.0.202001081728/tools/bin/../lib/gcc/arm-none-eabi/8.3.1/../../../../arm-none-eabi/lib/thumb/v8-m.main+fp/hard/libcr_c.a(__init_alloc.o)
 .ARM.attributes
                0x000000000000061e       0x3a /Applications/MCUXpressoIDE_11.1.1_3241/ide/plugins/com.nxp.mcuxpresso.tools.macosx_11.1.0.202001081728/tools/bin/../lib/gcc/arm-none-eabi/8.3.1/../../../../arm-none-eabi/lib/thumb/v8-m.main+fp/hard/libcr_c.a(_cr_sbrk.o)
 .ARM.attributes
                0x0000000000000658       0x3a /Applications/MCUXpressoIDE_11.1.1_3241/ide/plugins/com.nxp.mcuxpresso.tools.macosx_11.1.0.202001081728/tools/bin/../lib/gcc/arm-none-eabi/8.3.1/../../../../arm-none-eabi/lib/thumb/v8-m.main+fp/hard/libcr_c.a(_do_fflush.o)
 .ARM.attributes
                0x0000000000000692       0x3c /Applications/MCUXpressoIDE_11.1.1_3241/ide/plugins/com.nxp.mcuxpresso.tools.macosx_11.1.0.202001081728/tools/bin/../lib/gcc/arm-none-eabi/8.3.1/../../../../arm-none-eabi/lib/thumb/v8-m.main+fp/hard/libcr_c.a(errno.o)
 .ARM.attributes
                0x00000000000006ce       0x3a /Applications/MCUXpressoIDE_11.1.1_3241/ide/plugins/com.nxp.mcuxpresso.tools.macosx_11.1.0.202001081728/tools/bin/../lib/gcc/arm-none-eabi/8.3.1/../../../../arm-none-eabi/lib/thumb/v8-m.main+fp/hard/libcr_c.a(_cr_check_heap.o)
 .ARM.attributes
                0x0000000000000708       0x26 /Applications/MCUXpressoIDE_11.1.1_3241/ide/plugins/com.nxp.mcuxpresso.tools.macosx_11.1.0.202001081728/tools/bin/../lib/gcc/arm-none-eabi/8.3.1/thumb/v8-m.main+fp/hard/libcr_eabihelpers.a(memcpy.o)
 .ARM.attributes
                0x000000000000072e       0x3c /Applications/MCUXpressoIDE_11.1.1_3241/ide/plugins/com.nxp.mcuxpresso.tools.macosx_11.1.0.202001081728/tools/bin/../lib/gcc/arm-none-eabi/8.3.1/../../../../arm-none-eabi/lib/thumb/v8-m.main+fp/hard/libcr_semihost_nf.a(__ciob.o)
 .ARM.attributes
                0x000000000000076a       0x26 /Applications/MCUXpressoIDE_11.1.1_3241/ide/plugins/com.nxp.mcuxpresso.tools.macosx_11.1.0.202001081728/tools/bin/../lib/gcc/arm-none-eabi/8.3.1/../../../../arm-none-eabi/lib/thumb/v8-m.main+fp/hard/libcr_semihost_nf.a(__sys_appexit.o)
 .ARM.attributes
                0x0000000000000790       0x26 /Applications/MCUXpressoIDE_11.1.1_3241/ide/plugins/com.nxp.mcuxpresso.tools.macosx_11.1.0.202001081728/tools/bin/../lib/gcc/arm-none-eabi/8.3.1/../../../../arm-none-eabi/lib/thumb/v8-m.main+fp/hard/libcr_semihost_nf.a(__sys_close.o)
 .ARM.attributes
                0x00000000000007b6       0x26 /Applications/MCUXpressoIDE_11.1.1_3241/ide/plugins/com.nxp.mcuxpresso.tools.macosx_11.1.0.202001081728/tools/bin/../lib/gcc/arm-none-eabi/8.3.1/../../../../arm-none-eabi/lib/thumb/v8-m.main+fp/hard/libcr_semihost_nf.a(__sys_flen.o)
 .ARM.attributes
                0x00000000000007dc       0x26 /Applications/MCUXpressoIDE_11.1.1_3241/ide/plugins/com.nxp.mcuxpresso.tools.macosx_11.1.0.202001081728/tools/bin/../lib/gcc/arm-none-eabi/8.3.1/../../../../arm-none-eabi/lib/thumb/v8-m.main+fp/hard/libcr_semihost_nf.a(__sys_istty.o)
 .ARM.attributes
                0x0000000000000802       0x26 /Applications/MCUXpressoIDE_11.1.1_3241/ide/plugins/com.nxp.mcuxpresso.tools.macosx_11.1.0.202001081728/tools/bin/../lib/gcc/arm-none-eabi/8.3.1/../../../../arm-none-eabi/lib/thumb/v8-m.main+fp/hard/libcr_semihost_nf.a(__sys_remove.o)
 .ARM.attributes
                0x0000000000000828       0x26 /Applications/MCUXpressoIDE_11.1.1_3241/ide/plugins/com.nxp.mcuxpresso.tools.macosx_11.1.0.202001081728/tools/bin/../lib/gcc/arm-none-eabi/8.3.1/../../../../arm-none-eabi/lib/thumb/v8-m.main+fp/hard/libcr_semihost_nf.a(__sys_seek.o)
 .ARM.attributes
                0x000000000000084e       0x26 /Applications/MCUXpressoIDE_11.1.1_3241/ide/plugins/com.nxp.mcuxpresso.tools.macosx_11.1.0.202001081728/tools/bin/../lib/gcc/arm-none-eabi/8.3.1/../../../../arm-none-eabi/lib/thumb/v8-m.main+fp/hard/libcr_semihost_nf.a(__sys_tmpnam.o)
 .ARM.attributes
                0x0000000000000874       0x26 /Applications/MCUXpressoIDE_11.1.1_3241/ide/plugins/com.nxp.mcuxpresso.tools.macosx_11.1.0.202001081728/tools/bin/../lib/gcc/arm-none-eabi/8.3.1/../../../../arm-none-eabi/lib/thumb/v8-m.main+fp/hard/libcr_semihost_nf.a(__sys_write.o)

.debug_frame    0x0000000000000000     0x152c
 .debug_frame   0x0000000000000000      0x6a4 ./startup/startup_lpc55s69_cm33_core0.o
 .debug_frame   0x00000000000006a4       0x20 ./source/semihost_hardfault.o
 .debug_frame   0x00000000000006c4       0x54 ./source/shader.o
 .debug_frame   0x0000000000000718       0x30 ./drivers/edyev_spi.o
 .debug_frame   0x0000000000000748      0x218 ./device/system_LPC55S69_cm33_core0.o
 .debug_frame   0x0000000000000960       0x50 ./board/init.o
 .debug_frame   0x00000000000009b0      0x164 ./amazon-freertos/freertos_kernel/portable/GCC/ARM_CM33_NTZ/non_secure/port.o
 .debug_frame   0x0000000000000b14       0xa0 ./amazon-freertos/freertos_kernel/portable/GCC/ARM_CM33_NTZ/non_secure/portasm.o
 .debug_frame   0x0000000000000bb4       0xd8 ./amazon-freertos/freertos_kernel/list.o
 .debug_frame   0x0000000000000c8c      0x8a0 ./amazon-freertos/freertos_kernel/tasks.o

Cross Reference Table

Symbol                                            File
ACMP_DriverIRQHandler                             ./startup/startup_lpc55s69_cm33_core0.o
ACMP_IRQHandler                                   ./startup/startup_lpc55s69_cm33_core0.o
ADC0_DriverIRQHandler                             ./startup/startup_lpc55s69_cm33_core0.o
ADC0_IRQHandler                                   ./startup/startup_lpc55s69_cm33_core0.o
BusFault_Handler                                  ./startup/startup_lpc55s69_cm33_core0.o
CASER_DriverIRQHandler                            ./startup/startup_lpc55s69_cm33_core0.o
CASER_IRQHandler                                  ./startup/startup_lpc55s69_cm33_core0.o
CTIMER0_DriverIRQHandler                          ./startup/startup_lpc55s69_cm33_core0.o
CTIMER0_IRQHandler                                ./startup/startup_lpc55s69_cm33_core0.o
CTIMER1_DriverIRQHandler                          ./startup/startup_lpc55s69_cm33_core0.o
CTIMER1_IRQHandler                                ./startup/startup_lpc55s69_cm33_core0.o
CTIMER2_DriverIRQHandler                          ./startup/startup_lpc55s69_cm33_core0.o
CTIMER2_IRQHandler                                ./startup/startup_lpc55s69_cm33_core0.o
CTIMER3_DriverIRQHandler                          ./startup/startup_lpc55s69_cm33_core0.o
CTIMER3_IRQHandler                                ./startup/startup_lpc55s69_cm33_core0.o
CTIMER4_DriverIRQHandler                          ./startup/startup_lpc55s69_cm33_core0.o
CTIMER4_IRQHandler                                ./startup/startup_lpc55s69_cm33_core0.o
DMA0_DriverIRQHandler                             ./startup/startup_lpc55s69_cm33_core0.o
DMA0_IRQHandler                                   ./startup/startup_lpc55s69_cm33_core0.o
DMA1_DriverIRQHandler                             ./startup/startup_lpc55s69_cm33_core0.o
DMA1_IRQHandler                                   ./startup/startup_lpc55s69_cm33_core0.o
DebugMon_Handler                                  ./startup/startup_lpc55s69_cm33_core0.o
FLEXCOMM0_DriverIRQHandler                        ./startup/startup_lpc55s69_cm33_core0.o
FLEXCOMM0_IRQHandler                              ./startup/startup_lpc55s69_cm33_core0.o
FLEXCOMM1_DriverIRQHandler                        ./startup/startup_lpc55s69_cm33_core0.o
FLEXCOMM1_IRQHandler                              ./startup/startup_lpc55s69_cm33_core0.o
FLEXCOMM2_DriverIRQHandler                        ./startup/startup_lpc55s69_cm33_core0.o
FLEXCOMM2_IRQHandler                              ./startup/startup_lpc55s69_cm33_core0.o
FLEXCOMM3_DriverIRQHandler                        ./startup/startup_lpc55s69_cm33_core0.o
FLEXCOMM3_IRQHandler                              ./startup/startup_lpc55s69_cm33_core0.o
FLEXCOMM4_DriverIRQHandler                        ./startup/startup_lpc55s69_cm33_core0.o
FLEXCOMM4_IRQHandler                              ./startup/startup_lpc55s69_cm33_core0.o
FLEXCOMM5_DriverIRQHandler                        ./startup/startup_lpc55s69_cm33_core0.o
FLEXCOMM5_IRQHandler                              ./startup/startup_lpc55s69_cm33_core0.o
FLEXCOMM6_DriverIRQHandler                        ./startup/startup_lpc55s69_cm33_core0.o
FLEXCOMM6_IRQHandler                              ./startup/startup_lpc55s69_cm33_core0.o
FLEXCOMM7_DriverIRQHandler                        ./startup/startup_lpc55s69_cm33_core0.o
FLEXCOMM7_IRQHandler                              ./startup/startup_lpc55s69_cm33_core0.o
FLEXCOMM8_DriverIRQHandler                        ./startup/startup_lpc55s69_cm33_core0.o
FLEXCOMM8_IRQHandler                              ./startup/startup_lpc55s69_cm33_core0.o
GINT0_DriverIRQHandler                            ./startup/startup_lpc55s69_cm33_core0.o
GINT0_IRQHandler                                  ./startup/startup_lpc55s69_cm33_core0.o
GINT1_DriverIRQHandler                            ./startup/startup_lpc55s69_cm33_core0.o
GINT1_IRQHandler                                  ./startup/startup_lpc55s69_cm33_core0.o
HASHCRYPT_DriverIRQHandler                        ./startup/startup_lpc55s69_cm33_core0.o
HASHCRYPT_IRQHandler                              ./startup/startup_lpc55s69_cm33_core0.o
HardFault_Handler                                 ./source/semihost_hardfault.o
                                                  ./startup/startup_lpc55s69_cm33_core0.o
IntDefaultHandler                                 ./startup/startup_lpc55s69_cm33_core0.o
MAILBOX_DriverIRQHandler                          ./startup/startup_lpc55s69_cm33_core0.o
MAILBOX_IRQHandler                                ./startup/startup_lpc55s69_cm33_core0.o
MRT0_DriverIRQHandler                             ./startup/startup_lpc55s69_cm33_core0.o
MRT0_IRQHandler                                   ./startup/startup_lpc55s69_cm33_core0.o
MemManage_Handler                                 ./startup/startup_lpc55s69_cm33_core0.o
NMI_Handler                                       ./startup/startup_lpc55s69_cm33_core0.o
OS_EVENT_DriverIRQHandler                         ./startup/startup_lpc55s69_cm33_core0.o
OS_EVENT_IRQHandler                               ./startup/startup_lpc55s69_cm33_core0.o
PIN_INT0_DriverIRQHandler                         ./startup/startup_lpc55s69_cm33_core0.o
PIN_INT0_IRQHandler                               ./startup/startup_lpc55s69_cm33_core0.o
PIN_INT1_DriverIRQHandler                         ./startup/startup_lpc55s69_cm33_core0.o
PIN_INT1_IRQHandler                               ./startup/startup_lpc55s69_cm33_core0.o
PIN_INT2_DriverIRQHandler                         ./startup/startup_lpc55s69_cm33_core0.o
PIN_INT2_IRQHandler                               ./startup/startup_lpc55s69_cm33_core0.o
PIN_INT3_DriverIRQHandler                         ./startup/startup_lpc55s69_cm33_core0.o
PIN_INT3_IRQHandler                               ./startup/startup_lpc55s69_cm33_core0.o
PIN_INT4_DriverIRQHandler                         ./startup/startup_lpc55s69_cm33_core0.o
PIN_INT4_IRQHandler                               ./startup/startup_lpc55s69_cm33_core0.o
PIN_INT5_DriverIRQHandler                         ./startup/startup_lpc55s69_cm33_core0.o
PIN_INT5_IRQHandler                               ./startup/startup_lpc55s69_cm33_core0.o
PIN_INT6_DriverIRQHandler                         ./startup/startup_lpc55s69_cm33_core0.o
PIN_INT6_IRQHandler                               ./startup/startup_lpc55s69_cm33_core0.o
PIN_INT7_DriverIRQHandler                         ./startup/startup_lpc55s69_cm33_core0.o
PIN_INT7_IRQHandler                               ./startup/startup_lpc55s69_cm33_core0.o
PLU_DriverIRQHandler                              ./startup/startup_lpc55s69_cm33_core0.o
PLU_IRQHandler                                    ./startup/startup_lpc55s69_cm33_core0.o
PQ_DriverIRQHandler                               ./startup/startup_lpc55s69_cm33_core0.o
PQ_IRQHandler                                     ./startup/startup_lpc55s69_cm33_core0.o
PUF_DriverIRQHandler                              ./startup/startup_lpc55s69_cm33_core0.o
PUF_IRQHandler                                    ./startup/startup_lpc55s69_cm33_core0.o
PendSV_Handler                                    ./amazon-freertos/freertos_kernel/portable/GCC/ARM_CM33_NTZ/non_secure/portasm.o
                                                  ./startup/startup_lpc55s69_cm33_core0.o
RTC_DriverIRQHandler                              ./startup/startup_lpc55s69_cm33_core0.o
RTC_IRQHandler                                    ./startup/startup_lpc55s69_cm33_core0.o
Reserved39_DriverIRQHandler                       ./startup/startup_lpc55s69_cm33_core0.o
Reserved39_IRQHandler                             ./startup/startup_lpc55s69_cm33_core0.o
Reserved41_DriverIRQHandler                       ./startup/startup_lpc55s69_cm33_core0.o
Reserved41_IRQHandler                             ./startup/startup_lpc55s69_cm33_core0.o
Reserved42_DriverIRQHandler                       ./startup/startup_lpc55s69_cm33_core0.o
Reserved42_IRQHandler                             ./startup/startup_lpc55s69_cm33_core0.o
Reserved46_DriverIRQHandler                       ./startup/startup_lpc55s69_cm33_core0.o
Reserved46_IRQHandler                             ./startup/startup_lpc55s69_cm33_core0.o
Reserved55_DriverIRQHandler                       ./startup/startup_lpc55s69_cm33_core0.o
Reserved55_IRQHandler                             ./startup/startup_lpc55s69_cm33_core0.o
Reserved56_DriverIRQHandler                       ./startup/startup_lpc55s69_cm33_core0.o
Reserved56_IRQHandler                             ./startup/startup_lpc55s69_cm33_core0.o
Reserved57_DriverIRQHandler                       ./startup/startup_lpc55s69_cm33_core0.o
Reserved57_IRQHandler                             ./startup/startup_lpc55s69_cm33_core0.o
Reserved59_DriverIRQHandler                       ./startup/startup_lpc55s69_cm33_core0.o
Reserved59_IRQHandler                             ./startup/startup_lpc55s69_cm33_core0.o
Reserved60_DriverIRQHandler                       ./startup/startup_lpc55s69_cm33_core0.o
Reserved60_IRQHandler                             ./startup/startup_lpc55s69_cm33_core0.o
Reserved61_DriverIRQHandler                       ./startup/startup_lpc55s69_cm33_core0.o
Reserved61_IRQHandler                             ./startup/startup_lpc55s69_cm33_core0.o
ResetISR                                          ./startup/startup_lpc55s69_cm33_core0.o
SCT0_DriverIRQHandler                             ./startup/startup_lpc55s69_cm33_core0.o
SCT0_IRQHandler                                   ./startup/startup_lpc55s69_cm33_core0.o
SDIO_DriverIRQHandler                             ./startup/startup_lpc55s69_cm33_core0.o
SDIO_IRQHandler                                   ./startup/startup_lpc55s69_cm33_core0.o
SEC_GPIO_INT0_IRQ0_DriverIRQHandler               ./startup/startup_lpc55s69_cm33_core0.o
SEC_GPIO_INT0_IRQ0_IRQHandler                     ./startup/startup_lpc55s69_cm33_core0.o
SEC_GPIO_INT0_IRQ1_DriverIRQHandler               ./startup/startup_lpc55s69_cm33_core0.o
SEC_GPIO_INT0_IRQ1_IRQHandler                     ./startup/startup_lpc55s69_cm33_core0.o
SEC_HYPERVISOR_CALL_DriverIRQHandler              ./startup/startup_lpc55s69_cm33_core0.o
SEC_HYPERVISOR_CALL_IRQHandler                    ./startup/startup_lpc55s69_cm33_core0.o
SEC_VIO_DriverIRQHandler                          ./startup/startup_lpc55s69_cm33_core0.o
SEC_VIO_IRQHandler                                ./startup/startup_lpc55s69_cm33_core0.o
SVC_Handler                                       ./amazon-freertos/freertos_kernel/portable/GCC/ARM_CM33_NTZ/non_secure/portasm.o
                                                  ./startup/startup_lpc55s69_cm33_core0.o
SecureFault_Handler                               ./startup/startup_lpc55s69_cm33_core0.o
SysTick_Handler                                   ./amazon-freertos/freertos_kernel/portable/GCC/ARM_CM33_NTZ/non_secure/port.o
                                                  ./startup/startup_lpc55s69_cm33_core0.o
SystemCoreClock                                   ./device/system_LPC55S69_cm33_core0.o
                                                  ./amazon-freertos/freertos_kernel/portable/GCC/ARM_CM33_NTZ/non_secure/port.o
SystemCoreClockUpdate                             ./device/system_LPC55S69_cm33_core0.o
SystemInit                                        ./device/system_LPC55S69_cm33_core0.o
                                                  ./startup/startup_lpc55s69_cm33_core0.o
SystemInitHook                                    ./device/system_LPC55S69_cm33_core0.o
USB0_DriverIRQHandler                             ./startup/startup_lpc55s69_cm33_core0.o
USB0_IRQHandler                                   ./startup/startup_lpc55s69_cm33_core0.o
USB0_NEEDCLK_DriverIRQHandler                     ./startup/startup_lpc55s69_cm33_core0.o
USB0_NEEDCLK_IRQHandler                           ./startup/startup_lpc55s69_cm33_core0.o
USB1_DriverIRQHandler                             ./startup/startup_lpc55s69_cm33_core0.o
USB1_IRQHandler                                   ./startup/startup_lpc55s69_cm33_core0.o
USB1_NEEDCLK_DriverIRQHandler                     ./startup/startup_lpc55s69_cm33_core0.o
USB1_NEEDCLK_IRQHandler                           ./startup/startup_lpc55s69_cm33_core0.o
USB1_PHY_DriverIRQHandler                         ./startup/startup_lpc55s69_cm33_core0.o
USB1_PHY_IRQHandler                               ./startup/startup_lpc55s69_cm33_core0.o
UTICK0_DriverIRQHandler                           ./startup/startup_lpc55s69_cm33_core0.o
UTICK0_IRQHandler                                 ./startup/startup_lpc55s69_cm33_core0.o
UsageFault_Handler                                ./startup/startup_lpc55s69_cm33_core0.o
WDT_BOD_DriverIRQHandler                          ./startup/startup_lpc55s69_cm33_core0.o
WDT_BOD_IRQHandler                                ./startup/startup_lpc55s69_cm33_core0.o
_Csys_alloc                                       /Applications/MCUXpressoIDE_11.1.1_3241/ide/plugins/com.nxp.mcuxpresso.tools.macosx_11.1.0.202001081728/tools/bin/../lib/gcc/arm-none-eabi/8.3.1/../../../../arm-none-eabi/lib/thumb/v8-m.main+fp/hard/libcr_c.a(alloc.o)
                                                  /Applications/MCUXpressoIDE_11.1.1_3241/ide/plugins/com.nxp.mcuxpresso.tools.macosx_11.1.0.202001081728/tools/bin/../lib/gcc/arm-none-eabi/8.3.1/../../../../arm-none-eabi/lib/thumb/v8-m.main+fp/hard/libcr_c.a(_deferredlazyseek.o)
_Cwritebuf                                        /Applications/MCUXpressoIDE_11.1.1_3241/ide/plugins/com.nxp.mcuxpresso.tools.macosx_11.1.0.202001081728/tools/bin/../lib/gcc/arm-none-eabi/8.3.1/../../../../arm-none-eabi/lib/thumb/v8-m.main+fp/hard/libcr_c.a(_writebuf.o)
                                                  /Applications/MCUXpressoIDE_11.1.1_3241/ide/plugins/com.nxp.mcuxpresso.tools.macosx_11.1.0.202001081728/tools/bin/../lib/gcc/arm-none-eabi/8.3.1/../../../../arm-none-eabi/lib/thumb/v8-m.main+fp/hard/libcr_c.a(_fflush.o)
                                                  /Applications/MCUXpressoIDE_11.1.1_3241/ide/plugins/com.nxp.mcuxpresso.tools.macosx_11.1.0.202001081728/tools/bin/../lib/gcc/arm-none-eabi/8.3.1/../../../../arm-none-eabi/lib/thumb/v8-m.main+fp/hard/libcr_c.a(_deferredlazyseek.o)
__CR_SEMIHOST                                     /Applications/MCUXpressoIDE_11.1.1_3241/ide/plugins/com.nxp.mcuxpresso.tools.macosx_11.1.0.202001081728/tools/bin/../lib/gcc/arm-none-eabi/8.3.1/../../../../arm-none-eabi/lib/thumb/v8-m.main+fp/hard/libcr_semihost_nf.a(_cr__main.o)